Component: ARM Compiler 5.06 (build 20) Tool: armlink [4d35a3]

==============================================================================

Section Cross References

    queue.o(i.prvCopyDataFromQueue) refers to memcpya.o(.text) for __aeabi_memcpy
    queue.o(i.prvCopyDataToQueue) refers to memcpya.o(.text) for __aeabi_memcpy
    queue.o(i.prvCopyDataToQueue) refers to tasks.o(i.xTaskPriorityDisinherit) for xTaskPriorityDisinherit
    queue.o(i.prvUnlockQueue) refers to port.o(i.vPortEnterCritical) for vPortEnterCritical
    queue.o(i.prvUnlockQueue) refers to tasks.o(i.xTaskRemoveFromEventList) for xTaskRemoveFromEventList
    queue.o(i.prvUnlockQueue) refers to tasks.o(i.vTaskMissedYield) for vTaskMissedYield
    queue.o(i.prvUnlockQueue) refers to port.o(i.vPortExitCritical) for vPortExitCritical
    queue.o(i.uxQueueMessagesWaiting) refers to port.o(i.vPortEnterCritical) for vPortEnterCritical
    queue.o(i.uxQueueMessagesWaiting) refers to port.o(i.vPortExitCritical) for vPortExitCritical
    queue.o(i.uxQueueSpacesAvailable) refers to port.o(i.vPortEnterCritical) for vPortEnterCritical
    queue.o(i.uxQueueSpacesAvailable) refers to port.o(i.vPortExitCritical) for vPortExitCritical
    queue.o(i.vQueueAddToRegistry) refers to queue.o(.bss) for .bss
    queue.o(i.vQueueDelete) refers to queue.o(i.vQueueUnregisterQueue) for vQueueUnregisterQueue
    queue.o(i.vQueueDelete) refers to heap_4.o(i.vPortFree) for vPortFree
    queue.o(i.vQueueUnregisterQueue) refers to queue.o(.bss) for .bss
    queue.o(i.xQueueCreateCountingSemaphore) refers to queue.o(i.xQueueGenericCreate) for xQueueGenericCreate
    queue.o(i.xQueueCreateMutex) refers to heap_4.o(i.pvPortMalloc) for pvPortMalloc
    queue.o(i.xQueueCreateMutex) refers to list.o(i.vListInitialise) for vListInitialise
    queue.o(i.xQueueCreateMutex) refers to queue.o(i.xQueueGenericSend) for xQueueGenericSend
    queue.o(i.xQueueGenericCreate) refers to heap_4.o(i.pvPortMalloc) for pvPortMalloc
    queue.o(i.xQueueGenericCreate) refers to queue.o(i.xQueueGenericReset) for xQueueGenericReset
    queue.o(i.xQueueGenericReceive) refers to tasks.o(i.xTaskGetSchedulerState) for xTaskGetSchedulerState
    queue.o(i.xQueueGenericReceive) refers to port.o(i.vPortEnterCritical) for vPortEnterCritical
    queue.o(i.xQueueGenericReceive) refers to queue.o(i.prvCopyDataFromQueue) for prvCopyDataFromQueue
    queue.o(i.xQueueGenericReceive) refers to tasks.o(i.xTaskRemoveFromEventList) for xTaskRemoveFromEventList
    queue.o(i.xQueueGenericReceive) refers to port.o(i.vPortExitCritical) for vPortExitCritical
    queue.o(i.xQueueGenericReceive) refers to tasks.o(i.pvTaskIncrementMutexHeldCount) for pvTaskIncrementMutexHeldCount
    queue.o(i.xQueueGenericReceive) refers to tasks.o(i.vTaskSetTimeOutState) for vTaskSetTimeOutState
    queue.o(i.xQueueGenericReceive) refers to tasks.o(i.vTaskSuspendAll) for vTaskSuspendAll
    queue.o(i.xQueueGenericReceive) refers to tasks.o(i.xTaskCheckForTimeOut) for xTaskCheckForTimeOut
    queue.o(i.xQueueGenericReceive) refers to queue.o(i.prvUnlockQueue) for prvUnlockQueue
    queue.o(i.xQueueGenericReceive) refers to tasks.o(i.xTaskResumeAll) for xTaskResumeAll
    queue.o(i.xQueueGenericReceive) refers to tasks.o(i.vTaskPriorityInherit) for vTaskPriorityInherit
    queue.o(i.xQueueGenericReceive) refers to tasks.o(i.vTaskPlaceOnEventList) for vTaskPlaceOnEventList
    queue.o(i.xQueueGenericReset) refers to port.o(i.vPortEnterCritical) for vPortEnterCritical
    queue.o(i.xQueueGenericReset) refers to list.o(i.vListInitialise) for vListInitialise
    queue.o(i.xQueueGenericReset) refers to port.o(i.vPortExitCritical) for vPortExitCritical
    queue.o(i.xQueueGenericReset) refers to tasks.o(i.xTaskRemoveFromEventList) for xTaskRemoveFromEventList
    queue.o(i.xQueueGenericSend) refers to tasks.o(i.xTaskGetSchedulerState) for xTaskGetSchedulerState
    queue.o(i.xQueueGenericSend) refers to port.o(i.vPortEnterCritical) for vPortEnterCritical
    queue.o(i.xQueueGenericSend) refers to queue.o(i.prvCopyDataToQueue) for prvCopyDataToQueue
    queue.o(i.xQueueGenericSend) refers to tasks.o(i.xTaskRemoveFromEventList) for xTaskRemoveFromEventList
    queue.o(i.xQueueGenericSend) refers to port.o(i.vPortExitCritical) for vPortExitCritical
    queue.o(i.xQueueGenericSend) refers to tasks.o(i.vTaskSetTimeOutState) for vTaskSetTimeOutState
    queue.o(i.xQueueGenericSend) refers to tasks.o(i.vTaskSuspendAll) for vTaskSuspendAll
    queue.o(i.xQueueGenericSend) refers to tasks.o(i.xTaskCheckForTimeOut) for xTaskCheckForTimeOut
    queue.o(i.xQueueGenericSend) refers to queue.o(i.prvUnlockQueue) for prvUnlockQueue
    queue.o(i.xQueueGenericSend) refers to tasks.o(i.xTaskResumeAll) for xTaskResumeAll
    queue.o(i.xQueueGenericSend) refers to tasks.o(i.vTaskPlaceOnEventList) for vTaskPlaceOnEventList
    queue.o(i.xQueueGenericSendFromISR) refers to port.o(i.vPortValidateInterruptPriority) for vPortValidateInterruptPriority
[...]
    ../mathlib/cos.c                         0x00000000   Number         0  cos_x.o ABSOLUTE
    ../mathlib/cos.c                         0x00000000   Number         0  cos.o ABSOLUTE
    ../mathlib/cos_i.c                       0x00000000   Number         0  cos_i.o ABSOLUTE
    ../mathlib/dunder.c                      0x00000000   Number         0  dunder.o ABSOLUTE
    ../mathlib/fabs.c                        0x00000000   Number         0  fabs.o ABSOLUTE
    ../mathlib/fpclassify.c                  0x00000000   Number         0  fpclassify.o ABSOLUTE
    ../mathlib/poly.c                        0x00000000   Number         0  poly.o ABSOLUTE
    ../mathlib/rred.c                        0x00000000   Number         0  rred.o ABSOLUTE
    ../mathlib/sin_i.c                       0x00000000   Number         0  sin_i.o ABSOLUTE
    ../mathlib/sin_i.c                       0x00000000   Number         0  sin_i_x.o ABSOLUTE
    ..\BT.c                                  0x00000000   Number         0  bt.o ABSOLUTE
    ..\Drivers\CMSIS\Device\ST\STM32F4xx\Source\Templates\arm\startup_stm32f405xx.s 0x00000000   Number         0  startup_stm32f405xx.o ABSOLUTE
    ..\Drivers\CMSIS\Device\ST\STM32F4xx\Source\Templates\system_stm32f4xx.c 0x00000000   Number         0  system_stm32f4xx.o ABSOLUTE
    ..\Drivers\STM32F4xx_HAL_Driver\Src\stm32f4xx_hal.c 0x00000000   Number         0  stm32f4xx_hal.o ABSOLUTE
    ..\Drivers\STM32F4xx_HAL_Driver\Src\stm32f4xx_hal_cortex.c 0x00000000   Number         0  stm32f4xx_hal_cortex.o ABSOLUTE
    ..\Drivers\STM32F4xx_HAL_Driver\Src\stm32f4xx_hal_dma.c 0x00000000   Number         0  stm32f4xx_hal_dma.o ABSOLUTE
    ..\Drivers\STM32F4xx_HAL_Driver\Src\stm32f4xx_hal_dma_ex.c 0x00000000   Number         0  stm32f4xx_hal_dma_ex.o ABSOLUTE
    ..\Drivers\STM32F4xx_HAL_Driver\Src\stm32f4xx_hal_flash.c 0x00000000   Number         0  stm32f4xx_hal_flash.o ABSOLUTE
    ..\Drivers\STM32F4xx_HAL_Driver\Src\stm32f4xx_hal_flash_ex.c 0x00000000   Number         0  stm32f4xx_hal_flash_ex.o ABSOLUTE
    ..\Drivers\STM32F4xx_HAL_Driver\Src\stm32f4xx_hal_flash_ramfunc.c 0x00000000   Number         0  stm32f4xx_hal_flash_ramfunc.o ABSOLUTE
    ..\Drivers\STM32F4xx_HAL_Driver\Src\stm32f4xx_hal_gpio.c 0x00000000   Number         0  stm32f4xx_hal_gpio.o ABSOLUTE
    ..\Drivers\STM32F4xx_HAL_Driver\Src\stm32f4xx_hal_pwr.c 0x00000000   Number         0  stm32f4xx_hal_pwr.o ABSOLUTE
    ..\Drivers\STM32F4xx_HAL_Driver\Src\stm32f4xx_hal_pwr_ex.c 0x00000000   Number         0  stm32f4xx_hal_pwr_ex.o ABSOLUTE
    ..\Drivers\STM32F4xx_HAL_Driver\Src\stm32f4xx_hal_rcc.c 0x00000000   Number         0  stm32f4xx_hal_rcc.o ABSOLUTE
    ..\Drivers\STM32F4xx_HAL_Driver\Src\stm32f4xx_hal_rcc_ex.c 0x00000000   Number         0  stm32f4xx_hal_rcc_ex.o ABSOLUTE
    ..\Drivers\STM32F4xx_HAL_Driver\Src\stm32f4xx_hal_tim.c 0x00000000   Number         0  stm32f4xx_hal_tim.o ABSOLUTE
    ..\Drivers\STM32F4xx_HAL_Driver\Src\stm32f4xx_hal_tim_ex.c 0x00000000   Number         0  stm32f4xx_hal_tim_ex.o ABSOLUTE
    ..\Drivers\STM32F4xx_HAL_Driver\Src\stm32f4xx_hal_uart.c 0x00000000   Number         0  stm32f4xx_hal_uart.o ABSOLUTE
    ..\Middlewares\Third_Party\FreeRTOS\Source\CMSIS_RTOS\cmsis_os.c 0x00000000   Number         0  cmsis_os.o ABSOLUTE
    ..\Middlewares\Third_Party\FreeRTOS\Source\croutine.c 0x00000000   Number         0  croutine.o ABSOLUTE
    ..\Middlewares\Third_Party\FreeRTOS\Source\event_groups.c 0x00000000   Number         0  event_groups.o ABSOLUTE
    ..\Middlewares\Third_Party\FreeRTOS\Source\list.c 0x00000000   Number         0  list.o ABSOLUTE
    ..\Middlewares\Third_Party\FreeRTOS\Source\portable\MemMang\heap_4.c 0x00000000   Number         0  heap_4.o ABSOLUTE
    ..\Middlewares\Third_Party\FreeRTOS\Source\portable\RVDS\ARM_CM4F\port.c 0x00000000   Number         0  port.o ABSOLUTE
    ..\Middlewares\Third_Party\FreeRTOS\Source\queue.c 0x00000000   Number         0  queue.o ABSOLUTE
    ..\Middlewares\Third_Party\FreeRTOS\Source\tasks.c 0x00000000   Number         0  tasks.o ABSOLUTE
    ..\Middlewares\Third_Party\FreeRTOS\Source\timers.c 0x00000000   Number         0  timers.o ABSOLUTE
    ..\Src\dma.c                             0x00000000   Number         0  dma.o ABSOLUTE
    ..\Src\freertos.c                        0x00000000   Number         0  freertos.o ABSOLUTE
    ..\Src\gpio.c                            0x00000000   Number         0  gpio.o ABSOLUTE
    ..\Src\main.c                            0x00000000   Number         0  main.o ABSOLUTE
    ..\Src\stm32f4xx_hal_msp.c               0x00000000   Number         0  stm32f4xx_hal_msp.o ABSOLUTE
    ..\Src\stm32f4xx_it.c                    0x00000000   Number         0  stm32f4xx_it.o ABSOLUTE
    ..\Src\tim.c                             0x00000000   Number         0  tim.o ABSOLUTE
    ..\Src\usart.c                           0x00000000   Number         0  usart.o ABSOLUTE
    ..\\BT.c                                 0x00000000   Number         0  bt.o ABSOLUTE
    ..\\Drivers\\CMSIS\\Device\\ST\\STM32F4xx\\Source\\Templates\\system_stm32f4xx.c 0x00000000   Number         0  system_stm32f4xx.o ABSOLUTE
    ..\\Drivers\\STM32F4xx_HAL_Driver\\Src\\stm32f4xx_hal.c 0x00000000   Number         0  stm32f4xx_hal.o ABSOLUTE
    ..\\Drivers\\STM32F4xx_HAL_Driver\\Src\\stm32f4xx_hal_cortex.c 0x00000000   Number         0  stm32f4xx_hal_cortex.o ABSOLUTE
    ..\\Drivers\\STM32F4xx_HAL_Driver\\Src\\stm32f4xx_hal_dma.c 0x00000000   Number         0  stm32f4xx_hal_dma.o ABSOLUTE
    ..\\Drivers\\STM32F4xx_HAL_Driver\\Src\\stm32f4xx_hal_dma_ex.c 0x00000000   Number         0  stm32f4xx_hal_dma_ex.o ABSOLUTE
    ..\\Drivers\\STM32F4xx_HAL_Driver\\Src\\stm32f4xx_hal_flash.c 0x00000000   Number         0  stm32f4xx_hal_flash.o ABSOLUTE
    ..\\Drivers\\STM32F4xx_HAL_Driver\\Src\\stm32f4xx_hal_flash_ex.c 0x00000000   Number         0  stm32f4xx_hal_flash_ex.o ABSOLUTE
    ..\\Drivers\\STM32F4xx_HAL_Driver\\Src\\stm32f4xx_hal_flash_ramfunc.c 0x00000000   Number         0  stm32f4xx_hal_flash_ramfunc.o ABSOLUTE
    ..\\Drivers\\STM32F4xx_HAL_Driver\\Src\\stm32f4xx_hal_gpio.c 0x00000000   Number         0  stm32f4xx_hal_gpio.o ABSOLUTE
    ..\\Drivers\\STM32F4xx_HAL_Driver\\Src\\stm32f4xx_hal_pwr.c 0x00000000   Number         0  stm32f4xx_hal_pwr.o ABSOLUTE
    ..\\Drivers\\STM32F4xx_HAL_Driver\\Src\\stm32f4xx_hal_pwr_ex.c 0x00000000   Number         0  stm32f4xx_hal_pwr_ex.o ABSOLUTE
    ..\\Drivers\\STM32F4xx_HAL_Driver\\Src\\stm32f4xx_hal_rcc.c 0x00000000   Number         0  stm32f4xx_hal_rcc.o ABSOLUTE
    ..\\Drivers\\STM32F4xx_HAL_Driver\\Src\\stm32f4xx_hal_rcc_ex.c 0x00000000   Number         0  stm32f4xx_hal_rcc_ex.o ABSOLUTE
    ..\\Drivers\\STM32F4xx_HAL_Driver\\Src\\stm32f4xx_hal_tim.c 0x00000000   Number         0  stm32f4xx_hal_tim.o ABSOLUTE
    ..\\Drivers\\STM32F4xx_HAL_Driver\\Src\\stm32f4xx_hal_tim_ex.c 0x00000000   Number         0  stm32f4xx_hal_tim_ex.o ABSOLUTE
    ..\\Drivers\\STM32F4xx_HAL_Driver\\Src\\stm32f4xx_hal_uart.c 0x00000000   Number         0  stm32f4xx_hal_uart.o ABSOLUTE
    ..\\Middlewares\\Third_Party\\FreeRTOS\\Source\\portable\\RVDS\\ARM_CM4F\\port.c 0x00000000   Number         0  port.o ABSOLUTE
    ..\\Src\\dma.c                           0x00000000   Number         0  dma.o ABSOLUTE
    ..\\Src\\freertos.c                      0x00000000   Number         0  freertos.o ABSOLUTE
    ..\\Src\\gpio.c                          0x00000000   Number         0  gpio.o ABSOLUTE
    ..\\Src\\main.c                          0x00000000   Number         0  main.o ABSOLUTE
    ..\\Src\\stm32f4xx_hal_msp.c             0x00000000   Number         0  stm32f4xx_hal_msp.o ABSOLUTE
    ..\\Src\\stm32f4xx_it.c                  0x00000000   Number         0  stm32f4xx_it.o ABSOLUTE
    ..\\Src\\tim.c                           0x00000000   Number         0  tim.o ABSOLUTE
    ..\\Src\\usart.c                         0x00000000   Number         0  usart.o ABSOLUTE
    ..\\mission.c                            0x00000000   Number         0  mission.o ABSOLUTE
    ..\\tasks.c                              0x00000000   Number         0  tasks_1.o ABSOLUTE
    ..\mission.c                             0x00000000   Number         0  mission.o ABSOLUTE
    ..\tasks.c                               0x00000000   Number         0  tasks_1.o ABSOLUTE
    dc.s                                     0x00000000   Number         0  dc.o ABSOLUTE
    handlers.s                               0x00000000   Number         0  handlers.o ABSOLUTE
    init.s                                   0x00000000   Number         0  init.o ABSOLUTE
    key.c                                    0x00000000   Number         0  key.o ABSOLUTE
    key.c                                    0x00000000   Number         0  key.o ABSOLUTE
    RESET                                    0x08000000   Section      392  startup_stm32f405xx.o(RESET)
    .ARM.Collect$$$$00000000                 0x08000188   Section        0  entry.o(.ARM.Collect$$$$00000000)
    .ARM.Collect$$$$00000001                 0x08000188   Section        4  entry2.o(.ARM.Collect$$$$00000001)
    .ARM.Collect$$$$00000004                 0x0800018c   Section        4  entry5.o(.ARM.Collect$$$$00000004)
    .ARM.Collect$$$$00000008                 0x08000190   Section        0  entry7b.o(.ARM.Collect$$$$00000008)
    .ARM.Collect$$$$0000000A                 0x08000190   Section        0  entry8b.o(.ARM.Collect$$$$0000000A)
    .ARM.Collect$$$$0000000B                 0x08000190   Section        8  entry9a.o(.ARM.Collect$$$$0000000B)
    .ARM.Collect$$$$0000000D                 0x08000198   Section        0  entry10a.o(.ARM.Collect$$$$0000000D)
    .ARM.Collect$$$$0000000F                 0x08000198   Section        0  entry11a.o(.ARM.Collect$$$$0000000F)
    .ARM.Collect$$$$00002712                 0x08000198   Section        4  entry2.o(.ARM.Collect$$$$00002712)
    __lit__00000000                          0x08000198   Data           4  entry2.o(.ARM.Collect$$$$00002712)
    .emb_text                                0x0800019c   Section      186  port.o(.emb_text)
    $v0                                      0x0800019c   Number         0  port.o(.emb_text)
    .text                                    0x08000258   Section       36  startup_stm32f405xx.o(.text)
    $v0                                      0x08000258   Number         0  startup_stm32f405xx.o(.text)
    .text                                    0x0800027c   Section        0  memcpya.o(.text)
    .text                                    0x080002a0   Section        0  memseta.o(.text)
    .text                                    0x080002c4   Section        0  dmul.o(.text)
    .text                                    0x080003a8   Section        0  ddiv.o(.text)
    .text                                    0x08000486   Section        0  dflti.o(.text)
    .text                                    0x080004a8   Section        0  f2d.o(.text)
    .text                                    0x080004ce   Section        0  d2f.o(.text)
    .text                                    0x08000506   Section        0  fepilogue.o(.text)
    .text                                    0x08000506   Section        0  iusefp.o(.text)
    .text                                    0x08000574   Section        0  depilogue.o(.text)
    .text                                    0x08000630   Section       36  init.o(.text)
    .text                                    0x08000654   Section        0  llshl.o(.text)
    .text                                    0x08000672   Section        0  llushr.o(.text)
    .text                                    0x08000692   Section        0  dadd.o(.text)
    .text                                    0x080007e0   Section        0  dfltui.o(.text)
    .text                                    0x080007fa   Section        0  dfixi.o(.text)
    .text                                    0x08000838   Section        0  llsshr.o(.text)
    i.BTSendMsg                              0x0800085c   Section        0  key.o(i.BTSendMsg)
    i.CarYawControl                          0x0800087c   Section        0  tasks_1.o(i.CarYawControl)
    i.DMA1_Stream1_IRQHandler                0x080008e4   Section        0  stm32f4xx_it.o(i.DMA1_Stream1_IRQHandler)
    i.DMA1_Stream2_IRQHandler                0x08000900   Section        0  stm32f4xx_it.o(i.DMA1_Stream2_IRQHandler)
    i.DMA1_Stream5_IRQHandler                0x0800090c   Section        0  stm32f4xx_it.o(i.DMA1_Stream5_IRQHandler)
    i.DMA_CalcBaseAndBitshift                0x08000918   Section        0  stm32f4xx_hal_dma.o(i.DMA_CalcBaseAndBitshift)
    DMA_CalcBaseAndBitshift                  0x08000919   Thumb Code    34  stm32f4xx_hal_dma.o(i.DMA_CalcBaseAndBitshift)
    i.DMA_SetConfig                          0x08000940   Section        0  stm32f4xx_hal_dma.o(i.DMA_SetConfig)
    DMA_SetConfig                            0x08000941   Thumb Code    40  stm32f4xx_hal_dma.o(i.DMA_SetConfig)
    i.DataUpdate                             0x08000968   Section        0  mission.o(i.DataUpdate)
    i.FrameAnalysis                          0x080009ac   Section        0  bt.o(i.FrameAnalysis)
    i.HAL_DMA_IRQHandler                     0x08000a24   Section        0  stm32f4xx_hal_dma.o(i.HAL_DMA_IRQHandler)
    i.HAL_DMA_Init                           0x08000bc4   Section        0  stm32f4xx_hal_dma.o(i.HAL_DMA_Init)
    i.HAL_DMA_Start_IT                       0x08000c3c   Section        0  stm32f4xx_hal_dma.o(i.HAL_DMA_Start_IT)
    i.HAL_GPIO_Init                          0x08000c8c   Section        0  stm32f4xx_hal_gpio.o(i.HAL_GPIO_Init)
    i.HAL_GPIO_ReadPin                       0x08000e4c   Section        0  stm32f4xx_hal_gpio.o(i.HAL_GPIO_ReadPin)
    i.HAL_GPIO_WritePin                      0x08000e56   Section        0  stm32f4xx_hal_gpio.o(i.HAL_GPIO_WritePin)
    i.HAL_GetTick                            0x08000e60   Section        0  stm32f4xx_hal.o(i.HAL_GetTick)
    i.HAL_IncTick                            0x08000e6c   Section        0  stm32f4xx_hal.o(i.HAL_IncTick)
    i.HAL_Init                               0x08000e7c   Section        0  stm32f4xx_hal.o(i.HAL_Init)
    i.HAL_InitTick                           0x08000eb0   Section        0  stm32f4xx_hal.o(i.HAL_InitTick)
    i.HAL_MspInit                            0x08000ed2   Section        0  stm32f4xx_hal_msp.o(i.HAL_MspInit)
    i.HAL_NVIC_EnableIRQ                     0x08000ee8   Section        0  stm32f4xx_hal_cortex.o(i.HAL_NVIC_EnableIRQ)
    i.HAL_NVIC_SetPriority                   0x08000f00   Section        0  stm32f4xx_hal_cortex.o(i.HAL_NVIC_SetPriority)
    i.HAL_NVIC_SetPriorityGrouping           0x08000f40   Section        0  stm32f4xx_hal_cortex.o(i.HAL_NVIC_SetPriorityGrouping)
    i.HAL_RCC_ClockConfig                    0x08000f64   Section        0  stm32f4xx_hal_rcc.o(i.HAL_RCC_ClockConfig)
    i.HAL_RCC_GetHCLKFreq                    0x08001170   Section        0  stm32f4xx_hal_rcc.o(i.HAL_RCC_GetHCLKFreq)
    i.HAL_RCC_GetPCLK1Freq                   0x080011a4   Section        0  stm32f4xx_hal_rcc.o(i.HAL_RCC_GetPCLK1Freq)
    i.HAL_RCC_GetPCLK2Freq                   0x080011d0   Section        0  stm32f4xx_hal_rcc.o(i.HAL_RCC_GetPCLK2Freq)
    i.HAL_RCC_GetSysClockFreq                0x080011fc   Section        0  stm32f4xx_hal_rcc.o(i.HAL_RCC_GetSysClockFreq)
    i.HAL_RCC_OscConfig                      0x0800126c   Section        0  stm32f4xx_hal_rcc.o(i.HAL_RCC_OscConfig)
    i.HAL_SYSTICK_CLKSourceConfig            0x080015a8   Section        0  stm32f4xx_hal_cortex.o(i.HAL_SYSTICK_CLKSourceConfig)
    i.HAL_SYSTICK_Config                     0x080015c0   Section        0  stm32f4xx_hal_cortex.o(i.HAL_SYSTICK_Config)
    i.HAL_TIMEx_ConfigBreakDeadTime          0x080015e8   Section        0  stm32f4xx_hal_tim_ex.o(i.HAL_TIMEx_ConfigBreakDeadTime)
    i.HAL_TIMEx_MasterConfigSynchronization  0x0800162a   Section        0  stm32f4xx_hal_tim_ex.o(i.HAL_TIMEx_MasterConfigSynchronization)
    i.HAL_TIM_Base_Init                      0x0800167a   Section        0  stm32f4xx_hal_tim.o(i.HAL_TIM_Base_Init)
    i.HAL_TIM_Base_MspInit                   0x080016b0   Section        0  tim.o(i.HAL_TIM_Base_MspInit)
    i.HAL_TIM_ConfigClockSource              0x080016fc   Section        0  stm32f4xx_hal_tim.o(i.HAL_TIM_ConfigClockSource)
    i.HAL_TIM_Encoder_Init                   0x080017ee   Section        0  stm32f4xx_hal_tim.o(i.HAL_TIM_Encoder_Init)
    i.HAL_TIM_Encoder_MspInit                0x08001884   Section        0  tim.o(i.HAL_TIM_Encoder_MspInit)
    i.HAL_TIM_PWM_ConfigChannel              0x08001940   Section        0  stm32f4xx_hal_tim.o(i.HAL_TIM_PWM_ConfigChannel)
    i.HAL_TIM_PWM_Init                       0x08001a10   Section        0  stm32f4xx_hal_tim.o(i.HAL_TIM_PWM_Init)
    i.HAL_TIM_PWM_MspInit                    0x08001a48   Section        0  tim.o(i.HAL_TIM_PWM_MspInit)
    i.HAL_TIM_PWM_Start                      0x08001ac4   Section        0  stm32f4xx_hal_tim.o(i.HAL_TIM_PWM_Start)
    i.HAL_UART_ErrorCallback                 0x08001afc   Section        0  stm32f4xx_hal_uart.o(i.HAL_UART_ErrorCallback)
    i.HAL_UART_IRQHandler                    0x08001b00   Section        0  stm32f4xx_hal_uart.o(i.HAL_UART_IRQHandler)
    i.HAL_UART_Init                          0x08001c0a   Section        0  stm32f4xx_hal_uart.o(i.HAL_UART_Init)
    i.HAL_UART_MspInit                       0x08001c68   Section        0  usart.o(i.HAL_UART_MspInit)
    i.HAL_UART_Receive_DMA                   0x08001dc4   Section        0  stm32f4xx_hal_uart.o(i.HAL_UART_Receive_DMA)
    i.HAL_UART_RxCpltCallback                0x08001e4c   Section        0  stm32f4xx_hal_uart.o(i.HAL_UART_RxCpltCallback)
    i.HAL_UART_RxHalfCpltCallback            0x08001e4e   Section        0  stm32f4xx_hal_uart.o(i.HAL_UART_RxHalfCpltCallback)
    i.HAL_UART_Transmit                      0x08001e50   Section        0  stm32f4xx_hal_uart.o(i.HAL_UART_Transmit)
    i.HAL_UART_TxCpltCallback                0x08001f1c   Section        0  stm32f4xx_hal_uart.o(i.HAL_UART_TxCpltCallback)
    i.KeyInit                                0x08001f20   Section        0  key.o(i.KeyInit)
    i.KeyScanTask                            0x08001f60   Section        0  key.o(i.KeyScanTask)
    i.LEDTask                                0x08001fdc   Section        0  tasks_1.o(i.LEDTask)
    i.MX_DMA_Init                            0x08002064   Section        0  dma.o(i.MX_DMA_Init)
    i.MX_FREERTOS_Init                       0x080020b0   Section        0  freertos.o(i.MX_FREERTOS_Init)
    i.MX_GPIO_Init                           0x08002130   Section        0  gpio.o(i.MX_GPIO_Init)
    i.MX_TIM12_Init                          0x08002230   Section        0  tim.o(i.MX_TIM12_Init)
    i.MX_TIM1_Init                           0x08002288   Section        0  tim.o(i.MX_TIM1_Init)
    i.MX_TIM2_Init                           0x080022d4   Section        0  tim.o(i.MX_TIM2_Init)
    i.MX_TIM3_Init                           0x0800231c   Section        0  tim.o(i.MX_TIM3_Init)
    i.MX_TIM4_Init                           0x08002368   Section        0  tim.o(i.MX_TIM4_Init)
    i.MX_TIM8_Init                           0x080023d0   Section        0  tim.o(i.MX_TIM8_Init)
    i.MX_UART4_Init                          0x08002458   Section        0  usart.o(i.MX_UART4_Init)
    i.MX_USART2_UART_Init                    0x08002480   Section        0  usart.o(i.MX_USART2_UART_Init)
    i.MX_USART3_UART_Init                    0x080024a8   Section        0  usart.o(i.MX_USART3_UART_Init)
    i.MathTask                               0x080024d0   Section        0  mission.o(i.MathTask)
    i.MissionInit                            0x08002c20   Section        0  mission.o(i.MissionInit)
    i.MotorInit                              0x08002c38   Section        0  tasks_1.o(i.MotorInit)
    i.MotorSpeedControl                      0x08002cc8   Section        0  tasks_1.o(i.MotorSpeedControl)
    i.MotorTask                              0x08002df4   Section        0  tasks_1.o(i.MotorTask)
    i.NVIC_SetPriority                       0x08002e84   Section        0  stm32f4xx_hal_cortex.o(i.NVIC_SetPriority)
    NVIC_SetPriority                         0x08002e85   Thumb Code    32  stm32f4xx_hal_cortex.o(i.NVIC_SetPriority)
    i.PID_Calc                               0x08002ea4   Section        0  mission.o(i.PID_Calc)
    i.PID_Init                               0x08003030   Section        0  mission.o(i.PID_Init)
    i.PID_SetParam                           0x080030bc   Section        0  mission.o(i.PID_SetParam)
    i.StartDefaultTask                       0x080030d2   Section        0  freertos.o(i.StartDefaultTask)
    i.SysTick_Handler                        0x080030da   Section        0  stm32f4xx_it.o(i.SysTick_Handler)
    i.SystemClock_Config                     0x080030e8   Section        0  main.o(i.SystemClock_Config)
    i.SystemInit                             0x0800316c   Section        0  system_stm32f4xx.o(i.SystemInit)
    i.TIM_Base_SetConfig                     0x080031c0   Section        0  stm32f4xx_hal_tim.o(i.TIM_Base_SetConfig)
    i.TIM_CCxChannelCmd                      0x08003280   Section        0  stm32f4xx_hal_tim.o(i.TIM_CCxChannelCmd)
    i.TIM_ETR_SetConfig                      0x08003296   Section        0  stm32f4xx_hal_tim.o(i.TIM_ETR_SetConfig)
    TIM_ETR_SetConfig                        0x08003297   Thumb Code    20  stm32f4xx_hal_tim.o(i.TIM_ETR_SetConfig)
    i.TIM_ITRx_SetConfig                     0x080032aa   Section        0  stm32f4xx_hal_tim.o(i.TIM_ITRx_SetConfig)
    TIM_ITRx_SetConfig                       0x080032ab   Thumb Code    16  stm32f4xx_hal_tim.o(i.TIM_ITRx_SetConfig)
    i.TIM_OC1_SetConfig                      0x080032bc   Section        0  stm32f4xx_hal_tim.o(i.TIM_OC1_SetConfig)
    TIM_OC1_SetConfig                        0x080032bd   Thumb Code    80  stm32f4xx_hal_tim.o(i.TIM_OC1_SetConfig)
    i.TIM_OC2_SetConfig                      0x08003314   Section        0  stm32f4xx_hal_tim.o(i.TIM_OC2_SetConfig)
    i.TIM_OC3_SetConfig                      0x08003378   Section        0  stm32f4xx_hal_tim.o(i.TIM_OC3_SetConfig)
    TIM_OC3_SetConfig                        0x08003379   Thumb Code    88  stm32f4xx_hal_tim.o(i.TIM_OC3_SetConfig)
    i.TIM_OC4_SetConfig                      0x080033d8   Section        0  stm32f4xx_hal_tim.o(i.TIM_OC4_SetConfig)
    TIM_OC4_SetConfig                        0x080033d9   Thumb Code    70  stm32f4xx_hal_tim.o(i.TIM_OC4_SetConfig)
    i.TIM_TI1_ConfigInputStage               0x08003428   Section        0  stm32f4xx_hal_tim.o(i.TIM_TI1_ConfigInputStage)
    TIM_TI1_ConfigInputStage                 0x08003429   Thumb Code    34  stm32f4xx_hal_tim.o(i.TIM_TI1_ConfigInputStage)
    i.TIM_TI2_ConfigInputStage               0x0800344a   Section        0  stm32f4xx_hal_tim.o(i.TIM_TI2_ConfigInputStage)
    TIM_TI2_ConfigInputStage                 0x0800344b   Thumb Code    36  stm32f4xx_hal_tim.o(i.TIM_TI2_ConfigInputStage)
    i.UART_DMAError                          0x0800346e   Section        0  stm32f4xx_hal_uart.o(i.UART_DMAError)
    UART_DMAError                            0x0800346f   Thumb Code    30  stm32f4xx_hal_uart.o(i.UART_DMAError)
    i.UART_DMAReceiveCplt                    0x0800348c   Section        0  stm32f4xx_hal_uart.o(i.UART_DMAReceiveCplt)
    UART_DMAReceiveCplt                      0x0800348d   Thumb Code    54  stm32f4xx_hal_uart.o(i.UART_DMAReceiveCplt)
    i.UART_DMARxHalfCplt                     0x080034c2   Section        0  stm32f4xx_hal_uart.o(i.UART_DMARxHalfCplt)
    UART_DMARxHalfCplt                       0x080034c3   Thumb Code    10  stm32f4xx_hal_uart.o(i.UART_DMARxHalfCplt)
    i.UART_Receive_IT                        0x080034cc   Section        0  stm32f4xx_hal_uart.o(i.UART_Receive_IT)
    UART_Receive_IT                          0x080034cd   Thumb Code   168  stm32f4xx_hal_uart.o(i.UART_Receive_IT)
    i.UART_SetConfig                         0x08003574   Section        0  stm32f4xx_hal_uart.o(i.UART_SetConfig)
    UART_SetConfig                           0x08003575   Thumb Code   366  stm32f4xx_hal_uart.o(i.UART_SetConfig)
    i.UART_Transmit_IT                       0x080036ec   Section        0  stm32f4xx_hal_uart.o(i.UART_Transmit_IT)
    UART_Transmit_IT                         0x080036ed   Thumb Code   102  stm32f4xx_hal_uart.o(i.UART_Transmit_IT)
    i.UART_WaitOnFlagUntilTimeout            0x08003752   Section        0  stm32f4xx_hal_uart.o(i.UART_WaitOnFlagUntilTimeout)
    UART_WaitOnFlagUntilTimeout              0x08003753   Thumb Code   146  stm32f4xx_hal_uart.o(i.UART_WaitOnFlagUntilTimeout)
    i.USART2_IRQHandler                      0x080037e4   Section        0  stm32f4xx_it.o(i.USART2_IRQHandler)
    i.__ARM_fpclassify                       0x080037f0   Section        0  fpclassify.o(i.__ARM_fpclassify)
    i.__hardfp_cos                           0x08003820   Section        0  cos.o(i.__hardfp_cos)
    i.__ieee754_rem_pio2                     0x080038e8   Section        0  rred.o(i.__ieee754_rem_pio2)
    i.__kernel_cos                           0x08003d20   Section        0  cos_i.o(i.__kernel_cos)
    i.__kernel_poly                          0x08003e90   Section        0  poly.o(i.__kernel_poly)
    i.__kernel_sin                           0x08003f88   Section        0  sin_i.o(i.__kernel_sin)
    i.__mathlib_dbl_infnan                   0x080040b8   Section        0  dunder.o(i.__mathlib_dbl_infnan)
    i.__mathlib_dbl_invalid                  0x080040d0   Section        0  dunder.o(i.__mathlib_dbl_invalid)
    i.__mathlib_dbl_underflow                0x080040f0   Section        0  dunder.o(i.__mathlib_dbl_underflow)
    i.__scatterload_copy                     0x08004110   Section       14  handlers.o(i.__scatterload_copy)
    i.__scatterload_null                     0x0800411e   Section        2  handlers.o(i.__scatterload_null)
    i.__scatterload_zeroinit                 0x08004120   Section       14  handlers.o(i.__scatterload_zeroinit)
    i.__set_errno                            0x08004130   Section        0  errno.o(i.__set_errno)
    i.cos                                    0x0800413c   Section        0  cos.o(i.cos)
    i.fabs                                   0x0800414c   Section        0  fabs.o(i.fabs)
    i.main                                   0x08004164   Section        0  main.o(i.main)
    i.makeFreeRtosPriority                   0x080041b4   Section        0  cmsis_os.o(i.makeFreeRtosPriority)
    makeFreeRtosPriority                     0x080041b5   Thumb Code    12  cmsis_os.o(i.makeFreeRtosPriority)
    i.myabs                                  0x080041c0   Section        0  tasks_1.o(i.myabs)
    i.osDelay                                0x080041d0   Section        0  cmsis_os.o(i.osDelay)
    i.osKernelStart                          0x080041de   Section        0  cmsis_os.o(i.osKernelStart)
    i.osSystickHandler                       0x080041e8   Section        0  cmsis_os.o(i.osSystickHandler)
    i.osThreadCreate                         0x080041fc   Section        0  cmsis_os.o(i.osThreadCreate)
    i.prvAddCurrentTaskToDelayedList         0x08004234   Section        0  tasks.o(i.prvAddCurrentTaskToDelayedList)
    prvAddCurrentTaskToDelayedList           0x08004235   Thumb Code    48  tasks.o(i.prvAddCurrentTaskToDelayedList)
    i.prvCheckTasksWaitingTermination        0x08004268   Section        0  tasks.o(i.prvCheckTasksWaitingTermination)
    prvCheckTasksWaitingTermination          0x08004269   Thumb Code    76  tasks.o(i.prvCheckTasksWaitingTermination)
    i.prvHeapInit                            0x080042bc   Section        0  heap_4.o(i.prvHeapInit)
    prvHeapInit                              0x080042bd   Thumb Code    66  heap_4.o(i.prvHeapInit)
    i.prvIdleTask                            0x08004308   Section        0  tasks.o(i.prvIdleTask)
    prvIdleTask                              0x08004309   Thumb Code    30  tasks.o(i.prvIdleTask)
    i.prvInsertBlockIntoFreeList             0x08004330   Section        0  heap_4.o(i.prvInsertBlockIntoFreeList)
    prvInsertBlockIntoFreeList               0x08004331   Thumb Code    72  heap_4.o(i.prvInsertBlockIntoFreeList)
    i.prvResetNextTaskUnblockTime            0x0800437c   Section        0  tasks.o(i.prvResetNextTaskUnblockTime)
    prvResetNextTaskUnblockTime              0x0800437d   Thumb Code    26  tasks.o(i.prvResetNextTaskUnblockTime)
    i.prvTaskExitError                       0x0800439c   Section        0  port.o(i.prvTaskExitError)
    prvTaskExitError                         0x0800439d   Thumb Code    36  port.o(i.prvTaskExitError)
    i.pvPortMalloc                           0x080043c4   Section        0  heap_4.o(i.pvPortMalloc)
    i.pxPortInitialiseStack                  0x0800449c   Section        0  port.o(i.pxPortInitialiseStack)
    i.setCarParam                            0x080044c4   Section        0  mission.o(i.setCarParam)
    i.uxListRemove                           0x080044d0   Section        0  list.o(i.uxListRemove)
    i.vListInitialise                        0x080044f4   Section        0  list.o(i.vListInitialise)
    i.vListInitialiseItem                    0x0800450a   Section        0  list.o(i.vListInitialiseItem)
    i.vListInsert                            0x08004510   Section        0  list.o(i.vListInsert)
    i.vListInsertEnd                         0x08004540   Section        0  list.o(i.vListInsertEnd)
    i.vPortEnterCritical                     0x08004558   Section        0  port.o(i.vPortEnterCritical)
    i.vPortExitCritical                      0x08004598   Section        0  port.o(i.vPortExitCritical)
    i.vPortFree                              0x080045c0   Section        0  heap_4.o(i.vPortFree)
    i.vPortSetupTimerInterrupt               0x0800461c   Section        0  port.o(i.vPortSetupTimerInterrupt)
    i.vTaskDelay                             0x0800463c   Section        0  tasks.o(i.vTaskDelay)
    i.vTaskStartScheduler                    0x080046a4   Section        0  tasks.o(i.vTaskStartScheduler)
    i.vTaskSuspendAll                        0x08004704   Section        0  tasks.o(i.vTaskSuspendAll)
    i.vTaskSwitchContext                     0x08004714   Section        0  tasks.o(i.vTaskSwitchContext)
    i.xPortStartScheduler                    0x08004770   Section        0  port.o(i.xPortStartScheduler)
    i.xPortSysTickHandler                    0x08004850   Section        0  port.o(i.xPortSysTickHandler)
    i.xTaskGenericCreate                     0x0800487c   Section        0  tasks.o(i.xTaskGenericCreate)
    i.xTaskGetSchedulerState                 0x08004a38   Section        0  tasks.o(i.xTaskGetSchedulerState)
    i.xTaskIncrementTick                     0x08004a54   Section        0  tasks.o(i.xTaskIncrementTick)
    i.xTaskResumeAll                         0x08004b20   Section        0  tasks.o(i.xTaskResumeAll)
    .constdata                               0x08004be4   Section      100  freertos.o(.constdata)
    .constdata                               0x08004c48   Section        8  stm32f4xx_hal_dma.o(.constdata)
    flagBitshiftOffset                       0x08004c48   Data           8  stm32f4xx_hal_dma.o(.constdata)
    .constdata                               0x08004c50   Section       16  stm32f4xx_hal_rcc.o(.constdata)
    .constdata                               0x08004c60   Section       48  cos_i.o(.constdata)
    C                                        0x08004c60   Data          48  cos_i.o(.constdata)
    .constdata                               0x08004c90   Section      200  rred.o(.constdata)
    pio2s                                    0x08004c90   Data          48  rred.o(.constdata)
    twooverpi                                0x08004cc0   Data         152  rred.o(.constdata)
    .constdata                               0x08004d58   Section       40  sin_i.o(.constdata)
    S                                        0x08004d58   Data          40  sin_i.o(.constdata)
    .conststring                             0x08004d80   Section       56  freertos.o(.conststring)
    .data                                    0x20000000   Section       56  tasks.o(.data)
    uxTasksDeleted                           0x20000004   Data           4  tasks.o(.data)
    uxCurrentNumberOfTasks                   0x20000008   Data           4  tasks.o(.data)
    xTickCount                               0x2000000c   Data           4  tasks.o(.data)
    uxTopReadyPriority                       0x20000010   Data           4  tasks.o(.data)
    xSchedulerRunning                        0x20000014   Data           4  tasks.o(.data)
    uxPendedTicks                            0x20000018   Data           4  tasks.o(.data)
    xYieldPending                            0x2000001c   Data           4  tasks.o(.data)
    xNumOfOverflows                          0x20000020   Data           4  tasks.o(.data)
    uxTaskNumber                             0x20000024   Data           4  tasks.o(.data)
    xNextTaskUnblockTime                     0x20000028   Data           4  tasks.o(.data)
    uxSchedulerSuspended                     0x2000002c   Data           4  tasks.o(.data)
    pxDelayedTaskList                        0x20000030   Data           4  tasks.o(.data)
    pxOverflowDelayedTaskList                0x20000034   Data           4  tasks.o(.data)
    .data                                    0x20000038   Section       12  port.o(.data)
    ucMaxSysCallPriority                     0x20000038   Data           1  port.o(.data)
    uxCriticalNesting                        0x2000003c   Data           4  port.o(.data)
    ulMaxPRIGROUPValue                       0x20000040   Data           4  port.o(.data)
    .data                                    0x20000044   Section       24  heap_4.o(.data)
    pxEnd                                    0x20000044   Data           4  heap_4.o(.data)
    xFreeBytesRemaining                      0x20000048   Data           4  heap_4.o(.data)
    xMinimumEverFreeBytesRemaining           0x2000004c   Data           4  heap_4.o(.data)
    xBlockAllocatedBit                       0x20000050   Data           4  heap_4.o(.data)
    xStart                                   0x20000054   Data           8  heap_4.o(.data)
    .data                                    0x2000005c   Section       20  freertos.o(.data)
    .data                                    0x20000070   Section        4  bt.o(.data)
    .data                                    0x20000074   Section        4  tasks_1.o(.data)
    .data                                    0x20000078   Section        8  key.o(.data)
    .data                                    0x20000080   Section        4  system_stm32f4xx.o(.data)
    .data                                    0x20000084   Section        4  stm32f4xx_hal.o(.data)
    uwTick                                   0x20000084   Data           4  stm32f4xx_hal.o(.data)
    .data                                    0x20000088   Section        4  errno.o(.data)
    _errno                                   0x20000088   Data           4  errno.o(.data)
    .bss                                     0x2000008c   Section      240  tasks.o(.bss)
    pxReadyTasksLists                        0x2000008c   Data         140  tasks.o(.bss)
    xDelayedTaskList1                        0x20000118   Data          20  tasks.o(.bss)
    xDelayedTaskList2                        0x2000012c   Data          20  tasks.o(.bss)
    xPendingReadyList                        0x20000140   Data          20  tasks.o(.bss)
    xTasksWaitingTermination                 0x20000154   Data          20  tasks.o(.bss)
    xSuspendedTaskList                       0x20000168   Data          20  tasks.o(.bss)
    .bss                                     0x2000017c   Section    15360  heap_4.o(.bss)
    ucHeap                                   0x2000017c   Data       15360  heap_4.o(.bss)
    .bss                                     0x20003d7c   Section      360  tim.o(.bss)
    .bss                                     0x20003ee4   Section       18  main.o(.bss)
    .bss                                     0x20003ef8   Section      456  usart.o(.bss)
    .bss                                     0x200040c0   Section       48  bt.o(.bss)
    .bss                                     0x200040f0   Section      124  tasks_1.o(.bss)
    .bss                                     0x2000416c   Section       41  key.o(.bss)
    .bss                                     0x20004198   Section      264  mission.o(.bss)
    STACK                                    0x200042a0   Section     1024  startup_stm32f405xx.o(STACK)

    Global Symbols

    Symbol Name                              Value     Ov Type        Size  Object(Section)

    BuildAttributes$$THM_ISAv4$E$P$D$K$B$S$7EM$VFPi3$EXTD16$VFPS$VFMA$PE$A:L22UL41UL21$X:L11$S22US41US21$IEEE1$IW$USESV6$~STKCKD$USESV7$~SHL$OTIME$ROPI$IEEEX$EBA8$MICROLIB$REQ8$PRES8$EABIv2 0x00000000   Number         0  anon$$obj.o ABSOLUTE
    __ARM_use_no_argv                        0x00000000   Number         0  main.o ABSOLUTE
    __cpp_initialize__aeabi_                  - Undefined Weak Reference
    __cxa_finalize                            - Undefined Weak Reference
    __decompress                              - Undefined Weak Reference
    _clock_init                               - Undefined Weak Reference
    _microlib_exit                            - Undefined Weak Reference
    __Vectors_Size                           0x00000188   Number         0  startup_stm32f405xx.o ABSOLUTE
    __Vectors                                0x08000000   Data           4  startup_stm32f405xx.o(RESET)
    __Vectors_End                            0x08000188   Data           0  startup_stm32f405xx.o(RESET)
    __main                                   0x08000189   Thumb Code     0  entry.o(.ARM.Collect$$$$00000000)
    _main_stk                                0x08000189   Thumb Code     0  entry2.o(.ARM.Collect$$$$00000001)
    _main_scatterload                        0x0800018d   Thumb Code     0  entry5.o(.ARM.Collect$$$$00000004)
    __main_after_scatterload                 0x08000191   Thumb Code     0  entry5.o(.ARM.Collect$$$$00000004)
    _main_clock                              0x08000191   Thumb Code     0  entry7b.o(.ARM.Collect$$$$00000008)
    _main_cpp_init                           0x08000191   Thumb Code     0  entry8b.o(.ARM.Collect$$$$0000000A)
    _main_init                               0x08000191   Thumb Code     0  entry9a.o(.ARM.Collect$$$$0000000B)
    __rt_final_cpp                           0x08000199   Thumb Code     0  entry10a.o(.ARM.Collect$$$$0000000D)
    __rt_final_exit                          0x08000199   Thumb Code     0  entry11a.o(.ARM.Collect$$$$0000000F)
    SVC_Handler                              0x0800019d   Thumb Code    28  port.o(.emb_text)
    __asm___6_port_c_39a90d8d__prvStartFirstTask 0x080001bd   Thumb Code    28  port.o(.emb_text)
    __asm___6_port_c_39a90d8d__prvEnableVFP  0x080001dd   Thumb Code    16  port.o(.emb_text)
    PendSV_Handler                           0x080001f1   Thumb Code    92  port.o(.emb_text)
    vPortGetIPSR                             0x08000251   Thumb Code     6  port.o(.emb_text)
    Reset_Handler                            0x08000259   Thumb Code     8  startup_stm32f405xx.o(.text)
    NMI_Handler                              0x08000261   Thumb Code     2  startup_stm32f405xx.o(.text)
    HardFault_Handler                        0x08000263   Thumb Code     2  startup_stm32f405xx.o(.text)
    MemManage_Handler                        0x08000265   Thumb Code     2  startup_stm32f405xx.o(.text)
    BusFault_Handler                         0x08000267   Thumb Code     2  startup_stm32f405xx.o(.text)
    UsageFault_Handler                       0x08000269   Thumb Code     2  startup_stm32f405xx.o(.text)
    DebugMon_Handler                         0x0800026d   Thumb Code     2  startup_stm32f405xx.o(.text)
    ADC_IRQHandler                           0x08000273   Thumb Code     0  startup_stm32f405xx.o(.text)
    CAN1_RX0_IRQHandler                      0x08000273   Thumb Code     0  startup_stm32f405xx.o(.text)
    CAN1_RX1_IRQHandler                      0x08000273   Thumb Code     0  startup_stm32f405xx.o(.text)
    CAN1_SCE_IRQHandler                      0x08000273   Thumb Code     0  startup_stm32f405xx.o(.text)
    CAN1_TX_IRQHandler                       0x08000273   Thumb Code     0  startup_stm32f405xx.o(.text)
    CAN2_RX0_IRQHandler                      0x08000273   Thumb Code     0  startup_stm32f405xx.o(.text)
    CAN2_RX1_IRQHandler                      0x08000273   Thumb Code     0  startup_stm32f405xx.o(.text)
    CAN2_SCE_IRQHandler                      0x08000273   Thumb Code     0  startup_stm32f405xx.o(.text)
    CAN2_TX_IRQHandler                       0x08000273   Thumb Code     0  startup_stm32f405xx.o(.text)
    DMA1_Stream0_IRQHandler                  0x08000273   Thumb Code     0  startup_stm32f405xx.o(.text)
    DMA1_Stream3_IRQHandler                  0x08000273   Thumb Code     0  startup_stm32f405xx.o(.text)
    DMA1_Stream4_IRQHandler                  0x08000273   Thumb Code     0  startup_stm32f405xx.o(.text)
    DMA1_Stream6_IRQHandler                  0x08000273   Thumb Code     0  startup_stm32f405xx.o(.text)
    DMA1_Stream7_IRQHandler                  0x08000273   Thumb Code     0  startup_stm32f405xx.o(.text)
    DMA2_Stream0_IRQHandler                  0x08000273   Thumb Code     0  startup_stm32f405xx.o(.text)
    DMA2_Stream1_IRQHandler                  0x08000273   Thumb Code     0  startup_stm32f405xx.o(.text)
    DMA2_Stream2_IRQHandler                  0x08000273   Thumb Code     0  startup_stm32f405xx.o(.text)
    DMA2_Stream3_IRQHandler                  0x08000273   Thumb Code     0  startup_stm32f405xx.o(.text)
    DMA2_Stream4_IRQHandler                  0x08000273   Thumb Code     0  startup_stm32f405xx.o(.text)
    DMA2_Stream5_IRQHandler                  0x08000273   Thumb Code     0  startup_stm32f405xx.o(.text)
    DMA2_Stream6_IRQHandler                  0x08000273   Thumb Code     0  startup_stm32f405xx.o(.text)
    DMA2_Stream7_IRQHandler                  0x08000273   Thumb Code     0  startup_stm32f405xx.o(.text)
    EXTI0_IRQHandler                         0x08000273   Thumb Code     0  startup_stm32f405xx.o(.text)
    EXTI15_10_IRQHandler                     0x08000273   Thumb Code     0  startup_stm32f405xx.o(.text)
    EXTI1_IRQHandler                         0x08000273   Thumb Code     0  startup_stm32f405xx.o(.text)
    EXTI2_IRQHandler                         0x08000273   Thumb Code     0  startup_stm32f405xx.o(.text)
    EXTI3_IRQHandler                         0x08000273   Thumb Code     0  startup_stm32f405xx.o(.text)
    EXTI4_IRQHandler                         0x08000273   Thumb Code     0  startup_stm32f405xx.o(.text)
    EXTI9_5_IRQHandler                       0x08000273   Thumb Code     0  startup_stm32f405xx.o(.text)
    FLASH_IRQHandler                         0x08000273   Thumb Code     0  startup_stm32f405xx.o(.text)
    FMC_IRQHandler                           0x08000273   Thumb Code     0  startup_stm32f405xx.o(.text)
    FPU_IRQHandler                           0x08000273   Thumb Code     0  startup_stm32f405xx.o(.text)
    HASH_RNG_IRQHandler                      0x08000273   Thumb Code     0  startup_stm32f405xx.o(.text)
    I2C1_ER_IRQHandler                       0x08000273   Thumb Code     0  startup_stm32f405xx.o(.text)
    I2C1_EV_IRQHandler                       0x08000273   Thumb Code     0  startup_stm32f405xx.o(.text)
    I2C2_ER_IRQHandler                       0x08000273   Thumb Code     0  startup_stm32f405xx.o(.text)
    I2C2_EV_IRQHandler                       0x08000273   Thumb Code     0  startup_stm32f405xx.o(.text)
    I2C3_ER_IRQHandler                       0x08000273   Thumb Code     0  startup_stm32f405xx.o(.text)
    I2C3_EV_IRQHandler                       0x08000273   Thumb Code     0  startup_stm32f405xx.o(.text)
    OTG_FS_IRQHandler                        0x08000273   Thumb Code     0  startup_stm32f405xx.o(.text)
    OTG_FS_WKUP_IRQHandler                   0x08000273   Thumb Code     0  startup_stm32f405xx.o(.text)
    OTG_HS_EP1_IN_IRQHandler                 0x08000273   Thumb Code     0  startup_stm32f405xx.o(.text)
    OTG_HS_EP1_OUT_IRQHandler                0x08000273   Thumb Code     0  startup_stm32f405xx.o(.text)
    OTG_HS_IRQHandler                        0x08000273   Thumb Code     0  startup_stm32f405xx.o(.text)
    OTG_HS_WKUP_IRQHandler                   0x08000273   Thumb Code     0  startup_stm32f405xx.o(.text)
    PVD_IRQHandler                           0x08000273   Thumb Code     0  startup_stm32f405xx.o(.text)
    RCC_IRQHandler                           0x08000273   Thumb Code     0  startup_stm32f405xx.o(.text)
    RTC_Alarm_IRQHandler                     0x08000273   Thumb Code     0  startup_stm32f405xx.o(.text)
    RTC_WKUP_IRQHandler                      0x08000273   Thumb Code     0  startup_stm32f405xx.o(.text)
    SDIO_IRQHandler                          0x08000273   Thumb Code     0  startup_stm32f405xx.o(.text)
    SPI1_IRQHandler                          0x08000273   Thumb Code     0  startup_stm32f405xx.o(.text)
    SPI2_IRQHandler                          0x08000273   Thumb Code     0  startup_stm32f405xx.o(.text)
    SPI3_IRQHandler                          0x08000273   Thumb Code     0  startup_stm32f405xx.o(.text)
    TAMP_STAMP_IRQHandler                    0x08000273   Thumb Code     0  startup_stm32f405xx.o(.text)
    TIM1_BRK_TIM9_IRQHandler                 0x08000273   Thumb Code     0  startup_stm32f405xx.o(.text)
    TIM1_CC_IRQHandler                       0x08000273   Thumb Code     0  startup_stm32f405xx.o(.text)
    TIM1_TRG_COM_TIM11_IRQHandler            0x08000273   Thumb Code     0  startup_stm32f405xx.o(.text)
    TIM1_UP_TIM10_IRQHandler                 0x08000273   Thumb Code     0  startup_stm32f405xx.o(.text)
    TIM2_IRQHandler                          0x08000273   Thumb Code     0  startup_stm32f405xx.o(.text)
    TIM3_IRQHandler                          0x08000273   Thumb Code     0  startup_stm32f405xx.o(.text)
    TIM4_IRQHandler                          0x08000273   Thumb Code     0  startup_stm32f405xx.o(.text)
    TIM5_IRQHandler                          0x08000273   Thumb Code     0  startup_stm32f405xx.o(.text)
    TIM6_DAC_IRQHandler                      0x08000273   Thumb Code     0  startup_stm32f405xx.o(.text)
    TIM7_IRQHandler                          0x08000273   Thumb Code     0  startup_stm32f405xx.o(.text)
    TIM8_BRK_TIM12_IRQHandler                0x08000273   Thumb Code     0  startup_stm32f405xx.o(.text)
    TIM8_CC_IRQHandler                       0x08000273   Thumb Code     0  startup_stm32f405xx.o(.text)
    TIM8_TRG_COM_TIM14_IRQHandler            0x08000273   Thumb Code     0  startup_stm32f405xx.o(.text)
    TIM8_UP_TIM13_IRQHandler                 0x08000273   Thumb Code     0  startup_stm32f405xx.o(.text)
    UART4_IRQHandler                         0x08000273   Thumb Code     0  startup_stm32f405xx.o(.text)
    UART5_IRQHandler                         0x08000273   Thumb Code     0  startup_stm32f405xx.o(.text)
    USART1_IRQHandler                        0x08000273   Thumb Code     0  startup_stm32f405xx.o(.text)
    USART3_IRQHandler                        0x08000273   Thumb Code     0  startup_stm32f405xx.o(.text)
    USART6_IRQHandler                        0x08000273   Thumb Code     0  startup_stm32f405xx.o(.text)
    WWDG_IRQHandler                          0x08000273   Thumb Code     0  startup_stm32f405xx.o(.text)
    __aeabi_memcpy                           0x0800027d   Thumb Code    36  memcpya.o(.text)
    __aeabi_memcpy4                          0x0800027d   Thumb Code     0  memcpya.o(.text)
    __aeabi_memcpy8                          0x0800027d   Thumb Code     0  memcpya.o(.text)
    __aeabi_memset                           0x080002a1   Thumb Code    14  memseta.o(.text)
    __aeabi_memset4                          0x080002a1   Thumb Code     0  memseta.o(.text)
    __aeabi_memset8                          0x080002a1   Thumb Code     0  memseta.o(.text)
    __aeabi_memclr                           0x080002af   Thumb Code     4  memseta.o(.text)
    __aeabi_memclr4                          0x080002af   Thumb Code     0  memseta.o(.text)
    __aeabi_memclr8                          0x080002af   Thumb Code     0  memseta.o(.text)
    _memset$wrapper                          0x080002b3   Thumb Code    18  memseta.o(.text)
    __aeabi_dmul                             0x080002c5   Thumb Code   228  dmul.o(.text)
    __aeabi_ddiv                             0x080003a9   Thumb Code   222  ddiv.o(.text)
    __aeabi_i2d                              0x08000487   Thumb Code    34  dflti.o(.text)
    __aeabi_f2d                              0x080004a9   Thumb Code    38  f2d.o(.text)
    __aeabi_d2f                              0x080004cf   Thumb Code    56  d2f.o(.text)
    __I$use$fp                               0x08000507   Thumb Code     0  iusefp.o(.text)
    _float_round                             0x08000507   Thumb Code    18  fepilogue.o(.text)
    _float_epilogue                          0x08000519   Thumb Code    92  fepilogue.o(.text)
    _double_round                            0x08000575   Thumb Code    30  depilogue.o(.text)
    _double_epilogue                         0x08000593   Thumb Code   156  depilogue.o(.text)
    __scatterload                            0x08000631   Thumb Code    28  init.o(.text)
    __scatterload_rt2                        0x08000631   Thumb Code     0  init.o(.text)
    __aeabi_llsl                             0x08000655   Thumb Code    30  llshl.o(.text)
    _ll_shift_l                              0x08000655   Thumb Code     0  llshl.o(.text)
    __aeabi_llsr                             0x08000673   Thumb Code    32  llushr.o(.text)
    _ll_ushift_r                             0x08000673   Thumb Code     0  llushr.o(.text)
    __aeabi_dadd                             0x08000693   Thumb Code   322  dadd.o(.text)
    __aeabi_dsub                             0x080007d5   Thumb Code     6  dadd.o(.text)
    __aeabi_drsub                            0x080007db   Thumb Code     6  dadd.o(.text)
    __aeabi_ui2d                             0x080007e1   Thumb Code    26  dfltui.o(.text)
    __aeabi_d2iz                             0x080007fb   Thumb Code    62  dfixi.o(.text)
    __aeabi_lasr                             0x08000839   Thumb Code    36  llsshr.o(.text)
    _ll_sshift_r                             0x08000839   Thumb Code     0  llsshr.o(.text)
    BTSendMsg                                0x0800085d   Thumb Code    22  key.o(i.BTSendMsg)
    CarYawControl                            0x0800087d   Thumb Code    94  tasks_1.o(i.CarYawControl)
    DMA1_Stream1_IRQHandler                  0x080008e5   Thumb Code    20  stm32f4xx_it.o(i.DMA1_Stream1_IRQHandler)
    DMA1_Stream2_IRQHandler                  0x08000901   Thumb Code     6  stm32f4xx_it.o(i.DMA1_Stream2_IRQHandler)
    DMA1_Stream5_IRQHandler                  0x0800090d   Thumb Code     6  stm32f4xx_it.o(i.DMA1_Stream5_IRQHandler)
    DataUpdate                               0x08000969   Thumb Code    56  mission.o(i.DataUpdate)
    FrameAnalysis                            0x080009ad   Thumb Code   112  bt.o(i.FrameAnalysis)
    HAL_DMA_IRQHandler                       0x08000a25   Thumb Code   412  stm32f4xx_hal_dma.o(i.HAL_DMA_IRQHandler)
    HAL_DMA_Init                             0x08000bc5   Thumb Code   116  stm32f4xx_hal_dma.o(i.HAL_DMA_Init)
    HAL_DMA_Start_IT                         0x08000c3d   Thumb Code    78  stm32f4xx_hal_dma.o(i.HAL_DMA_Start_IT)
    HAL_GPIO_Init                            0x08000c8d   Thumb Code   398  stm32f4xx_hal_gpio.o(i.HAL_GPIO_Init)
    HAL_GPIO_ReadPin                         0x08000e4d   Thumb Code    10  stm32f4xx_hal_gpio.o(i.HAL_GPIO_ReadPin)
    HAL_GPIO_WritePin                        0x08000e57   Thumb Code    10  stm32f4xx_hal_gpio.o(i.HAL_GPIO_WritePin)
    HAL_GetTick                              0x08000e61   Thumb Code     6  stm32f4xx_hal.o(i.HAL_GetTick)
    HAL_IncTick                              0x08000e6d   Thumb Code    10  stm32f4xx_hal.o(i.HAL_IncTick)
    HAL_Init                                 0x08000e7d   Thumb Code    48  stm32f4xx_hal.o(i.HAL_Init)
    HAL_InitTick                             0x08000eb1   Thumb Code    34  stm32f4xx_hal.o(i.HAL_InitTick)
    HAL_MspInit                              0x08000ed3   Thumb Code    22  stm32f4xx_hal_msp.o(i.HAL_MspInit)
    HAL_NVIC_EnableIRQ                       0x08000ee9   Thumb Code    22  stm32f4xx_hal_cortex.o(i.HAL_NVIC_EnableIRQ)
    HAL_NVIC_SetPriority                     0x08000f01   Thumb Code    60  stm32f4xx_hal_cortex.o(i.HAL_NVIC_SetPriority)
    HAL_NVIC_SetPriorityGrouping             0x08000f41   Thumb Code    26  stm32f4xx_hal_cortex.o(i.HAL_NVIC_SetPriorityGrouping)
    HAL_RCC_ClockConfig                      0x08000f65   Thumb Code   514  stm32f4xx_hal_rcc.o(i.HAL_RCC_ClockConfig)
    HAL_RCC_GetHCLKFreq                      0x08001171   Thumb Code    38  stm32f4xx_hal_rcc.o(i.HAL_RCC_GetHCLKFreq)
    HAL_RCC_GetPCLK1Freq                     0x080011a5   Thumb Code    36  stm32f4xx_hal_rcc.o(i.HAL_RCC_GetPCLK1Freq)
    HAL_RCC_GetPCLK2Freq                     0x080011d1   Thumb Code    36  stm32f4xx_hal_rcc.o(i.HAL_RCC_GetPCLK2Freq)
    HAL_RCC_GetSysClockFreq                  0x080011fd   Thumb Code   104  stm32f4xx_hal_rcc.o(i.HAL_RCC_GetSysClockFreq)
    HAL_RCC_OscConfig                        0x0800126d   Thumb Code   806  stm32f4xx_hal_rcc.o(i.HAL_RCC_OscConfig)
    HAL_SYSTICK_CLKSourceConfig              0x080015a9   Thumb Code    24  stm32f4xx_hal_cortex.o(i.HAL_SYSTICK_CLKSourceConfig)
    HAL_SYSTICK_Config                       0x080015c1   Thumb Code    40  stm32f4xx_hal_cortex.o(i.HAL_SYSTICK_Config)
    HAL_TIMEx_ConfigBreakDeadTime            0x080015e9   Thumb Code    66  stm32f4xx_hal_tim_ex.o(i.HAL_TIMEx_ConfigBreakDeadTime)
    HAL_TIMEx_MasterConfigSynchronization    0x0800162b   Thumb Code    80  stm32f4xx_hal_tim_ex.o(i.HAL_TIMEx_MasterConfigSynchronization)
    HAL_TIM_Base_Init                        0x0800167b   Thumb Code    54  stm32f4xx_hal_tim.o(i.HAL_TIM_Base_Init)
    HAL_TIM_Base_MspInit                     0x080016b1   Thumb Code    62  tim.o(i.HAL_TIM_Base_MspInit)
    HAL_TIM_ConfigClockSource                0x080016fd   Thumb Code   242  stm32f4xx_hal_tim.o(i.HAL_TIM_ConfigClockSource)
    HAL_TIM_Encoder_Init                     0x080017ef   Thumb Code   150  stm32f4xx_hal_tim.o(i.HAL_TIM_Encoder_Init)
    HAL_TIM_Encoder_MspInit                  0x08001885   Thumb Code   168  tim.o(i.HAL_TIM_Encoder_MspInit)
    HAL_TIM_PWM_ConfigChannel                0x08001941   Thumb Code   208  stm32f4xx_hal_tim.o(i.HAL_TIM_PWM_ConfigChannel)
    HAL_TIM_PWM_Init                         0x08001a11   Thumb Code    54  stm32f4xx_hal_tim.o(i.HAL_TIM_PWM_Init)
    HAL_TIM_PWM_MspInit                      0x08001a49   Thumb Code   104  tim.o(i.HAL_TIM_PWM_MspInit)
    HAL_TIM_PWM_Start                        0x08001ac5   Thumb Code    48  stm32f4xx_hal_tim.o(i.HAL_TIM_PWM_Start)
    HAL_UART_ErrorCallback                   0x08001afd   Thumb Code     2  stm32f4xx_hal_uart.o(i.HAL_UART_ErrorCallback)
    HAL_UART_IRQHandler                      0x08001b01   Thumb Code   266  stm32f4xx_hal_uart.o(i.HAL_UART_IRQHandler)
    HAL_UART_Init                            0x08001c0b   Thumb Code    94  stm32f4xx_hal_uart.o(i.HAL_UART_Init)
    HAL_UART_MspInit                         0x08001c69   Thumb Code   316  usart.o(i.HAL_UART_MspInit)
    HAL_UART_Receive_DMA                     0x08001dc5   Thumb Code   122  stm32f4xx_hal_uart.o(i.HAL_UART_Receive_DMA)
    HAL_UART_RxCpltCallback                  0x08001e4d   Thumb Code     2  stm32f4xx_hal_uart.o(i.HAL_UART_RxCpltCallback)
    HAL_UART_RxHalfCpltCallback              0x08001e4f   Thumb Code     2  stm32f4xx_hal_uart.o(i.HAL_UART_RxHalfCpltCallback)
    HAL_UART_Transmit                        0x08001e51   Thumb Code   204  stm32f4xx_hal_uart.o(i.HAL_UART_Transmit)
    HAL_UART_TxCpltCallback                  0x08001f1d   Thumb Code     2  stm32f4xx_hal_uart.o(i.HAL_UART_TxCpltCallback)
    KeyInit                                  0x08001f21   Thumb Code    56  key.o(i.KeyInit)
    KeyScanTask                              0x08001f61   Thumb Code   108  key.o(i.KeyScanTask)
    LEDTask                                  0x08001fdd   Thumb Code   120  tasks_1.o(i.LEDTask)
    MX_DMA_Init                              0x08002065   Thumb Code    72  dma.o(i.MX_DMA_Init)
    MX_FREERTOS_Init                         0x080020b1   Thumb Code   118  freertos.o(i.MX_FREERTOS_Init)
    MX_GPIO_Init                             0x08002131   Thumb Code   234  gpio.o(i.MX_GPIO_Init)
    MX_TIM12_Init                            0x08002231   Thumb Code    78  tim.o(i.MX_TIM12_Init)
    MX_TIM1_Init                             0x08002289   Thumb Code    68  tim.o(i.MX_TIM1_Init)
    MX_TIM2_Init                             0x080022d5   Thumb Code    68  tim.o(i.MX_TIM2_Init)
    MX_TIM3_Init                             0x0800231d   Thumb Code    66  tim.o(i.MX_TIM3_Init)
    MX_TIM4_Init                             0x08002369   Thumb Code    94  tim.o(i.MX_TIM4_Init)
    MX_TIM8_Init                             0x080023d1   Thumb Code   128  tim.o(i.MX_TIM8_Init)
    MX_UART4_Init                            0x08002459   Thumb Code    32  usart.o(i.MX_UART4_Init)
    MX_USART2_UART_Init                      0x08002481   Thumb Code    32  usart.o(i.MX_USART2_UART_Init)
    MX_USART3_UART_Init                      0x080024a9   Thumb Code    32  usart.o(i.MX_USART3_UART_Init)
    MathTask                                 0x080024d1   Thumb Code  1858  mission.o(i.MathTask)
    MissionInit                              0x08002c21   Thumb Code    18  mission.o(i.MissionInit)
    MotorInit                                0x08002c39   Thumb Code   110  tasks_1.o(i.MotorInit)
    MotorSpeedControl                        0x08002cc9   Thumb Code   270  tasks_1.o(i.MotorSpeedControl)
    MotorTask                                0x08002df5   Thumb Code   122  tasks_1.o(i.MotorTask)
    PID_Calc                                 0x08002ea5   Thumb Code   360  mission.o(i.PID_Calc)
    PID_Init                                 0x08003031   Thumb Code   124  mission.o(i.PID_Init)
    PID_SetParam                             0x080030bd   Thumb Code    22  mission.o(i.PID_SetParam)
    StartDefaultTask                         0x080030d3   Thumb Code     8  freertos.o(i.StartDefaultTask)
    SysTick_Handler                          0x080030db   Thumb Code    14  stm32f4xx_it.o(i.SysTick_Handler)
    SystemClock_Config                       0x080030e9   Thumb Code   124  main.o(i.SystemClock_Config)
    SystemInit                               0x0800316d   Thumb Code    66  system_stm32f4xx.o(i.SystemInit)
    TIM_Base_SetConfig                       0x080031c1   Thumb Code   148  stm32f4xx_hal_tim.o(i.TIM_Base_SetConfig)
    TIM_CCxChannelCmd                        0x08003281   Thumb Code    22  stm32f4xx_hal_tim.o(i.TIM_CCxChannelCmd)
    TIM_OC2_SetConfig                        0x08003315   Thumb Code    90  stm32f4xx_hal_tim.o(i.TIM_OC2_SetConfig)
    USART2_IRQHandler                        0x080037e5   Thumb Code     6  stm32f4xx_it.o(i.USART2_IRQHandler)
    __ARM_fpclassify                         0x080037f1   Thumb Code    48  fpclassify.o(i.__ARM_fpclassify)
    __hardfp_cos                             0x08003821   Thumb Code   180  cos.o(i.__hardfp_cos)
    __ieee754_rem_pio2                       0x080038e9   Thumb Code   938  rred.o(i.__ieee754_rem_pio2)
    __kernel_cos                             0x08003d21   Thumb Code   322  cos_i.o(i.__kernel_cos)
    __kernel_poly                            0x08003e91   Thumb Code   248  poly.o(i.__kernel_poly)
    __kernel_sin                             0x08003f89   Thumb Code   280  sin_i.o(i.__kernel_sin)
    __mathlib_dbl_infnan                     0x080040b9   Thumb Code    20  dunder.o(i.__mathlib_dbl_infnan)
    __mathlib_dbl_invalid                    0x080040d1   Thumb Code    24  dunder.o(i.__mathlib_dbl_invalid)
    __mathlib_dbl_underflow                  0x080040f1   Thumb Code    24  dunder.o(i.__mathlib_dbl_underflow)
    __scatterload_copy                       0x08004111   Thumb Code    14  handlers.o(i.__scatterload_copy)
    __scatterload_null                       0x0800411f   Thumb Code     2  handlers.o(i.__scatterload_null)
    __scatterload_zeroinit                   0x08004121   Thumb Code    14  handlers.o(i.__scatterload_zeroinit)
    __set_errno                              0x08004131   Thumb Code     6  errno.o(i.__set_errno)
    cos                                      0x0800413d   Thumb Code    16  cos.o(i.cos)
    fabs                                     0x0800414d   Thumb Code    24  fabs.o(i.fabs)
    main                                     0x08004165   Thumb Code    72  main.o(i.main)
    myabs                                    0x080041c1   Thumb Code    16  tasks_1.o(i.myabs)
    osDelay                                  0x080041d1   Thumb Code    14  cmsis_os.o(i.osDelay)
    osKernelStart                            0x080041df   Thumb Code    10  cmsis_os.o(i.osKernelStart)
    osSystickHandler                         0x080041e9   Thumb Code    20  cmsis_os.o(i.osSystickHandler)
    osThreadCreate                           0x080041fd   Thumb Code    56  cmsis_os.o(i.osThreadCreate)
    pvPortMalloc                             0x080043c5   Thumb Code   210  heap_4.o(i.pvPortMalloc)
    pxPortInitialiseStack                    0x0800449d   Thumb Code    36  port.o(i.pxPortInitialiseStack)
    setCarParam                              0x080044c5   Thumb Code     8  mission.o(i.setCarParam)
    uxListRemove                             0x080044d1   Thumb Code    36  list.o(i.uxListRemove)
    vListInitialise                          0x080044f5   Thumb Code    22  list.o(i.vListInitialise)
    vListInitialiseItem                      0x0800450b   Thumb Code     6  list.o(i.vListInitialiseItem)
    vListInsert                              0x08004511   Thumb Code    48  list.o(i.vListInsert)
    vListInsertEnd                           0x08004541   Thumb Code    24  list.o(i.vListInsertEnd)
    vPortEnterCritical                       0x08004559   Thumb Code    54  port.o(i.vPortEnterCritical)
    vPortExitCritical                        0x08004599   Thumb Code    34  port.o(i.vPortExitCritical)
    vPortFree                                0x080045c1   Thumb Code    88  heap_4.o(i.vPortFree)
    vPortSetupTimerInterrupt                 0x0800461d   Thumb Code    26  port.o(i.vPortSetupTimerInterrupt)
    vTaskDelay                               0x0800463d   Thumb Code    94  tasks.o(i.vTaskDelay)
    vTaskStartScheduler                      0x080046a5   Thumb Code    80  tasks.o(i.vTaskStartScheduler)
    vTaskSuspendAll                          0x08004705   Thumb Code    10  tasks.o(i.vTaskSuspendAll)
    vTaskSwitchContext                       0x08004715   Thumb Code    82  tasks.o(i.vTaskSwitchContext)
    xPortStartScheduler                      0x08004771   Thumb Code   202  port.o(i.xPortStartScheduler)
    xPortSysTickHandler                      0x08004851   Thumb Code    38  port.o(i.xPortSysTickHandler)
    xTaskGenericCreate                       0x0800487d   Thumb Code   430  tasks.o(i.xTaskGenericCreate)
    xTaskGetSchedulerState                   0x08004a39   Thumb Code    22  tasks.o(i.xTaskGetSchedulerState)
    xTaskIncrementTick                       0x08004a55   Thumb Code   194  tasks.o(i.xTaskIncrementTick)
    xTaskResumeAll                           0x08004b21   Thumb Code   182  tasks.o(i.xTaskResumeAll)
    APBAHBPrescTable                         0x08004c50   Data          16  stm32f4xx_hal_rcc.o(.constdata)
    Region$$Table$$Base                      0x08004db8   Number         0  anon$$obj.o(Region$$Table)
    Region$$Table$$Limit                     0x08004dd8   Number         0  anon$$obj.o(Region$$Table)
    pxCurrentTCB                             0x20000000   Data           4  tasks.o(.data)
    defaultTaskHandle                        0x2000005c   Data           4  freertos.o(.data)
    LEDTaskHandle                            0x20000060   Data           4  freertos.o(.data)
    MotorTaskHandle                          0x20000064   Data           4  freertos.o(.data)
    MathTaskHandle                           0x20000068   Data           4  freertos.o(.data)
    KeyScanTaskHandle                        0x2000006c   Data           4  freertos.o(.data)
    BitConverter                             0x20000070   Data           4  bt.o(.data)
    cv_start_led                             0x20000074   Data           4  tasks_1.o(.data)
    KeyScanRlt                               0x20000078   Data           8  key.o(.data)
    SystemCoreClock                          0x20000080   Data           4  system_stm32f4xx.o(.data)
    htim1                                    0x20003d7c   Data          60  tim.o(.bss)
    htim2                                    0x20003db8   Data          60  tim.o(.bss)
    htim3                                    0x20003df4   Data          60  tim.o(.bss)
    htim4                                    0x20003e30   Data          60  tim.o(.bss)
    htim8                                    0x20003e6c   Data          60  tim.o(.bss)
    htim12                                   0x20003ea8   Data          60  tim.o(.bss)
    BTData                                   0x20003ee4   Data          18  main.o(.bss)
    huart4                                   0x20003ef8   Data          64  usart.o(.bss)
    huart2                                   0x20003f38   Data          64  usart.o(.bss)
    huart3                                   0x20003f78   Data          64  usart.o(.bss)
    hdma_uart4_rx                            0x20003fb8   Data          88  usart.o(.bss)
    hdma_usart2_rx                           0x20004010   Data          88  usart.o(.bss)
    hdma_usart3_rx                           0x20004068   Data          88  usart.o(.bss)
    MsgFromHost                              0x200040c0   Data          48  bt.o(.bss)
    Motor                                    0x200040f0   Data          96  tasks_1.o(.bss)
    Car                                      0x20004150   Data          28  tasks_1.o(.bss)
    Key                                      0x2000416c   Data          32  key.o(.bss)
    Frame                                    0x2000418c   Data           9  key.o(.bss)
    pidSpeed                                 0x20004198   Data          80  mission.o(.bss)
    pidSpeed1                                0x200041e8   Data          80  mission.o(.bss)
    pidYaw                                   0x20004238   Data          80  mission.o(.bss)
    Mission                                  0x20004288   Data          24  mission.o(.bss)
    __initial_sp                             0x200046a0   Data           0  startup_stm32f405xx.o(STACK)



==============================================================================

Memory Map of the image

  Image Entry point : 0x08000189

  Load Region LR_IROM1 (Base: 0x08000000, Size: 0x00004e64, Max: 0x00100000, ABSOLUTE)

    Execution Region ER_IROM1 (Base: 0x08000000, Size: 0x00004dd8, Max: 0x00100000, ABSOLUTE)

    Base Addr    Size         Type   Attr      Idx    E Section Name        Object

    0x08000000   0x00000188   Data   RO         1879    RESET               startup_stm32f405xx.o
    0x08000188   0x00000000   Code   RO         4007  * .ARM.Collect$$$$00000000  mc_w.l(entry.o)
    0x08000188   0x00000004   Code   RO         4054    .ARM.Collect$$$$00000001  mc_w.l(entry2.o)
    0x0800018c   0x00000004   Code   RO         4057    .ARM.Collect$$$$00000004  mc_w.l(entry5.o)
    0x08000190   0x00000000   Code   RO         4059    .ARM.Collect$$$$00000008  mc_w.l(entry7b.o)
    0x08000190   0x00000000   Code   RO         4061    .ARM.Collect$$$$0000000A  mc_w.l(entry8b.o)
    0x08000190   0x00000008   Code   RO         4062    .ARM.Collect$$$$0000000B  mc_w.l(entry9a.o)
    0x08000198   0x00000000   Code   RO         4064    .ARM.Collect$$$$0000000D  mc_w.l(entry10a.o)
    0x08000198   0x00000000   Code   RO         4066    .ARM.Collect$$$$0000000F  mc_w.l(entry11a.o)
    0x08000198   0x00000004   Code   RO         4055    .ARM.Collect$$$$00002712  mc_w.l(entry2.o)
    0x0800019c   0x000000ba   Code   RO          547    .emb_text           port.o
    0x08000256   0x00000002   PAD
    0x08000258   0x00000024   Code   RO         1880    .text               startup_stm32f405xx.o
    0x0800027c   0x00000024   Code   RO         4010    .text               mc_w.l(memcpya.o)
    0x080002a0   0x00000024   Code   RO         4012    .text               mc_w.l(memseta.o)
    0x080002c4   0x000000e4   Code   RO         4016    .text               mf_w.l(dmul.o)
    0x080003a8   0x000000de   Code   RO         4018    .text               mf_w.l(ddiv.o)
    0x08000486   0x00000022   Code   RO         4020    .text               mf_w.l(dflti.o)
    0x080004a8   0x00000026   Code   RO         4022    .text               mf_w.l(f2d.o)
    0x080004ce   0x00000038   Code   RO         4024    .text               mf_w.l(d2f.o)
    0x08000506   0x00000000   Code   RO         4075    .text               mc_w.l(iusefp.o)
    0x08000506   0x0000006e   Code   RO         4076    .text               mf_w.l(fepilogue.o)
    0x08000574   0x000000ba   Code   RO         4078    .text               mf_w.l(depilogue.o)
    0x0800062e   0x00000002   PAD
    0x08000630   0x00000024   Code   RO         4092    .text               mc_w.l(init.o)
    0x08000654   0x0000001e   Code   RO         4094    .text               mc_w.l(llshl.o)
    0x08000672   0x00000020   Code   RO         4096    .text               mc_w.l(llushr.o)
    0x08000692   0x0000014e   Code   RO         4098    .text               mf_w.l(dadd.o)
    0x080007e0   0x0000001a   Code   RO         4100    .text               mf_w.l(dfltui.o)
    0x080007fa   0x0000003e   Code   RO         4102    .text               mf_w.l(dfixi.o)
    0x08000838   0x00000024   Code   RO         4104    .text               mc_w.l(llsshr.o)
    0x0800085c   0x00000020   Code   RO         1763    i.BTSendMsg         key.o
    0x0800087c   0x00000068   Code   RO         1696    i.CarYawControl     tasks_1.o
    0x080008e4   0x0000001c   Code   RO         1093    i.DMA1_Stream1_IRQHandler  stm32f4xx_it.o
    0x08000900   0x0000000c   Code   RO         1094    i.DMA1_Stream2_IRQHandler  stm32f4xx_it.o
    0x0800090c   0x0000000c   Code   RO         1095    i.DMA1_Stream5_IRQHandler  stm32f4xx_it.o
    0x08000918   0x00000028   Code   RO         3023    i.DMA_CalcBaseAndBitshift  stm32f4xx_hal_dma.o
    0x08000940   0x00000028   Code   RO         3024    i.DMA_SetConfig     stm32f4xx_hal_dma.o
    0x08000968   0x00000044   Code   RO         1807    i.DataUpdate        mission.o
    0x080009ac   0x00000078   Code   RO         1568    i.FrameAnalysis     bt.o
    0x08000a24   0x000001a0   Code   RO         3029    i.HAL_DMA_IRQHandler  stm32f4xx_hal_dma.o
    0x08000bc4   0x00000078   Code   RO         3030    i.HAL_DMA_Init      stm32f4xx_hal_dma.o
    0x08000c3c   0x0000004e   Code   RO         3033    i.HAL_DMA_Start_IT  stm32f4xx_hal_dma.o
    0x08000c8a   0x00000002   PAD
    0x08000c8c   0x000001c0   Code   RO         1924    i.HAL_GPIO_Init     stm32f4xx_hal_gpio.o
    0x08000e4c   0x0000000a   Code   RO         1926    i.HAL_GPIO_ReadPin  stm32f4xx_hal_gpio.o
    0x08000e56   0x0000000a   Code   RO         1928    i.HAL_GPIO_WritePin  stm32f4xx_hal_gpio.o
    0x08000e60   0x0000000c   Code   RO         3865    i.HAL_GetTick       stm32f4xx_hal.o
    0x08000e6c   0x00000010   Code   RO         3866    i.HAL_IncTick       stm32f4xx_hal.o
    0x08000e7c   0x00000034   Code   RO         3867    i.HAL_Init          stm32f4xx_hal.o
    0x08000eb0   0x00000022   Code   RO         3868    i.HAL_InitTick      stm32f4xx_hal.o
    0x08000ed2   0x00000016   Code   RO         1259    i.HAL_MspInit       stm32f4xx_hal_msp.o
    0x08000ee8   0x00000016   Code   RO         3348    i.HAL_NVIC_EnableIRQ  stm32f4xx_hal_cortex.o
    0x08000efe   0x00000002   PAD
    0x08000f00   0x00000040   Code   RO         3354    i.HAL_NVIC_SetPriority  stm32f4xx_hal_cortex.o
    0x08000f40   0x00000024   Code   RO         3355    i.HAL_NVIC_SetPriorityGrouping  stm32f4xx_hal_cortex.o
    0x08000f64   0x0000020c   Code   RO         3748    i.HAL_RCC_ClockConfig  stm32f4xx_hal_rcc.o
    0x08001170   0x00000034   Code   RO         3753    i.HAL_RCC_GetHCLKFreq  stm32f4xx_hal_rcc.o
    0x080011a4   0x0000002c   Code   RO         3755    i.HAL_RCC_GetPCLK1Freq  stm32f4xx_hal_rcc.o
    0x080011d0   0x0000002c   Code   RO         3756    i.HAL_RCC_GetPCLK2Freq  stm32f4xx_hal_rcc.o
    0x080011fc   0x00000070   Code   RO         3757    i.HAL_RCC_GetSysClockFreq  stm32f4xx_hal_rcc.o
    0x0800126c   0x0000033c   Code   RO         3760    i.HAL_RCC_OscConfig  stm32f4xx_hal_rcc.o
    0x080015a8   0x00000018   Code   RO         3357    i.HAL_SYSTICK_CLKSourceConfig  stm32f4xx_hal_cortex.o
    0x080015c0   0x00000028   Code   RO         3359    i.HAL_SYSTICK_Config  stm32f4xx_hal_cortex.o
    0x080015e8   0x00000042   Code   RO         3108    i.HAL_TIMEx_ConfigBreakDeadTime  stm32f4xx_hal_tim_ex.o
    0x0800162a   0x00000050   Code   RO         3123    i.HAL_TIMEx_MasterConfigSynchronization  stm32f4xx_hal_tim_ex.o
    0x0800167a   0x00000036   Code   RO         2097    i.HAL_TIM_Base_Init  stm32f4xx_hal_tim.o
    0x080016b0   0x0000004c   Code   RO         1335    i.HAL_TIM_Base_MspInit  tim.o
    0x080016fc   0x000000f2   Code   RO         2106    i.HAL_TIM_ConfigClockSource  stm32f4xx_hal_tim.o
    0x080017ee   0x00000096   Code   RO         2115    i.HAL_TIM_Encoder_Init  stm32f4xx_hal_tim.o
    0x08001884   0x000000bc   Code   RO         1337    i.HAL_TIM_Encoder_MspInit  tim.o
    0x08001940   0x000000d0   Code   RO         2163    i.HAL_TIM_PWM_ConfigChannel  stm32f4xx_hal_tim.o
    0x08001a10   0x00000036   Code   RO         2166    i.HAL_TIM_PWM_Init  stm32f4xx_hal_tim.o
    0x08001a46   0x00000002   PAD
    0x08001a48   0x0000007c   Code   RO         1339    i.HAL_TIM_PWM_MspInit  tim.o
    0x08001ac4   0x00000038   Code   RO         2170    i.HAL_TIM_PWM_Start  stm32f4xx_hal_tim.o
    0x08001afc   0x00000002   Code   RO         2798    i.HAL_UART_ErrorCallback  stm32f4xx_hal_uart.o
    0x08001afe   0x00000002   PAD
    0x08001b00   0x0000010a   Code   RO         2801    i.HAL_UART_IRQHandler  stm32f4xx_hal_uart.o
    0x08001c0a   0x0000005e   Code   RO         2802    i.HAL_UART_Init     stm32f4xx_hal_uart.o
    0x08001c68   0x0000015c   Code   RO         1514    i.HAL_UART_MspInit  usart.o
    0x08001dc4   0x00000088   Code   RO         2806    i.HAL_UART_Receive_DMA  stm32f4xx_hal_uart.o
    0x08001e4c   0x00000002   Code   RO         2808    i.HAL_UART_RxCpltCallback  stm32f4xx_hal_uart.o
    0x08001e4e   0x00000002   Code   RO         2809    i.HAL_UART_RxHalfCpltCallback  stm32f4xx_hal_uart.o
    0x08001e50   0x000000cc   Code   RO         2810    i.HAL_UART_Transmit  stm32f4xx_hal_uart.o
    0x08001f1c   0x00000002   Code   RO         2813    i.HAL_UART_TxCpltCallback  stm32f4xx_hal_uart.o
    0x08001f1e   0x00000002   PAD
    0x08001f20   0x00000040   Code   RO         1764    i.KeyInit           key.o
    0x08001f60   0x0000007c   Code   RO         1765    i.KeyScanTask       key.o
    0x08001fdc   0x00000088   Code   RO         1697    i.LEDTask           tasks_1.o
    0x08002064   0x0000004c   Code   RO         1307    i.MX_DMA_Init       dma.o
    0x080020b0   0x00000080   Code   RO         1430    i.MX_FREERTOS_Init  freertos.o
    0x08002130   0x00000100   Code   RO         1283    i.MX_GPIO_Init      gpio.o
    0x08002230   0x00000058   Code   RO         1340    i.MX_TIM12_Init     tim.o
    0x08002288   0x0000004c   Code   RO         1341    i.MX_TIM1_Init      tim.o
    0x080022d4   0x00000048   Code   RO         1342    i.MX_TIM2_Init      tim.o
    0x0800231c   0x0000004c   Code   RO         1343    i.MX_TIM3_Init      tim.o
    0x08002368   0x00000068   Code   RO         1344    i.MX_TIM4_Init      tim.o
    0x080023d0   0x00000088   Code   RO         1345    i.MX_TIM8_Init      tim.o
    0x08002458   0x00000028   Code   RO         1515    i.MX_UART4_Init     usart.o
    0x08002480   0x00000028   Code   RO         1516    i.MX_USART2_UART_Init  usart.o
    0x080024a8   0x00000028   Code   RO         1517    i.MX_USART3_UART_Init  usart.o
    0x080024d0   0x00000750   Code   RO         1808    i.MathTask          mission.o
    0x08002c20   0x00000018   Code   RO         1809    i.MissionInit       mission.o
    0x08002c38   0x00000090   Code   RO         1698    i.MotorInit         tasks_1.o
    0x08002cc8   0x0000012c   Code   RO         1699    i.MotorSpeedControl  tasks_1.o
    0x08002df4   0x00000090   Code   RO         1700    i.MotorTask         tasks_1.o
    0x08002e84   0x00000020   Code   RO         3361    i.NVIC_SetPriority  stm32f4xx_hal_cortex.o
    0x08002ea4   0x0000018c   Code   RO         1810    i.PID_Calc          mission.o
    0x08003030   0x0000008c   Code   RO         1811    i.PID_Init          mission.o
    0x080030bc   0x00000016   Code   RO         1812    i.PID_SetParam      mission.o
    0x080030d2   0x00000008   Code   RO         1431    i.StartDefaultTask  freertos.o
    0x080030da   0x0000000e   Code   RO         1096    i.SysTick_Handler   stm32f4xx_it.o
    0x080030e8   0x00000084   Code   RO         1476    i.SystemClock_Config  main.o
    0x0800316c   0x00000054   Code   RO         1888    i.SystemInit        system_stm32f4xx.o
    0x080031c0   0x000000c0   Code   RO         2181    i.TIM_Base_SetConfig  stm32f4xx_hal_tim.o
    0x08003280   0x00000016   Code   RO         2182    i.TIM_CCxChannelCmd  stm32f4xx_hal_tim.o
    0x08003296   0x00000014   Code   RO         2188    i.TIM_ETR_SetConfig  stm32f4xx_hal_tim.o
    0x080032aa   0x00000010   Code   RO         2189    i.TIM_ITRx_SetConfig  stm32f4xx_hal_tim.o
    0x080032ba   0x00000002   PAD
    0x080032bc   0x00000058   Code   RO         2190    i.TIM_OC1_SetConfig  stm32f4xx_hal_tim.o
    0x08003314   0x00000064   Code   RO         2191    i.TIM_OC2_SetConfig  stm32f4xx_hal_tim.o
    0x08003378   0x00000060   Code   RO         2192    i.TIM_OC3_SetConfig  stm32f4xx_hal_tim.o
    0x080033d8   0x00000050   Code   RO         2193    i.TIM_OC4_SetConfig  stm32f4xx_hal_tim.o
    0x08003428   0x00000022   Code   RO         2195    i.TIM_TI1_ConfigInputStage  stm32f4xx_hal_tim.o
    0x0800344a   0x00000024   Code   RO         2197    i.TIM_TI2_ConfigInputStage  stm32f4xx_hal_tim.o
    0x0800346e   0x0000001e   Code   RO         2815    i.UART_DMAError     stm32f4xx_hal_uart.o
    0x0800348c   0x00000036   Code   RO         2816    i.UART_DMAReceiveCplt  stm32f4xx_hal_uart.o
    0x080034c2   0x0000000a   Code   RO         2817    i.UART_DMARxHalfCplt  stm32f4xx_hal_uart.o
    0x080034cc   0x000000a8   Code   RO         2820    i.UART_Receive_IT   stm32f4xx_hal_uart.o
    0x08003574   0x00000178   Code   RO         2821    i.UART_SetConfig    stm32f4xx_hal_uart.o
    0x080036ec   0x00000066   Code   RO         2822    i.UART_Transmit_IT  stm32f4xx_hal_uart.o
    0x08003752   0x00000092   Code   RO         2823    i.UART_WaitOnFlagUntilTimeout  stm32f4xx_hal_uart.o
    0x080037e4   0x0000000c   Code   RO         1097    i.USART2_IRQHandler  stm32f4xx_it.o
    0x080037f0   0x00000030   Code   RO         4088    i.__ARM_fpclassify  m_wm.l(fpclassify.o)
    0x08003820   0x000000c8   Code   RO         3995    i.__hardfp_cos      m_wm.l(cos.o)
    0x080038e8   0x00000438   Code   RO         4043    i.__ieee754_rem_pio2  m_wm.l(rred.o)
    0x08003d20   0x00000170   Code   RO         4026    i.__kernel_cos      m_wm.l(cos_i.o)
    0x08003e90   0x000000f8   Code   RO         4090    i.__kernel_poly     m_wm.l(poly.o)
    0x08003f88   0x00000130   Code   RO         4048    i.__kernel_sin      m_wm.l(sin_i.o)
    0x080040b8   0x00000014   Code   RO         4030    i.__mathlib_dbl_infnan  m_wm.l(dunder.o)
    0x080040cc   0x00000004   PAD
    0x080040d0   0x00000020   Code   RO         4032    i.__mathlib_dbl_invalid  m_wm.l(dunder.o)
    0x080040f0   0x00000020   Code   RO         4035    i.__mathlib_dbl_underflow  m_wm.l(dunder.o)
    0x08004110   0x0000000e   Code   RO         4108    i.__scatterload_copy  mc_w.l(handlers.o)
    0x0800411e   0x00000002   Code   RO         4109    i.__scatterload_null  mc_w.l(handlers.o)
    0x08004120   0x0000000e   Code   RO         4110    i.__scatterload_zeroinit  mc_w.l(handlers.o)
    0x0800412e   0x00000002   PAD
    0x08004130   0x0000000c   Code   RO         4070    i.__set_errno       mc_w.l(errno.o)
    0x0800413c   0x00000010   Code   RO         3997    i.cos               m_wm.l(cos.o)
    0x0800414c   0x00000018   Code   RO         4084    i.fabs              m_wm.l(fabs.o)
    0x08004164   0x00000050   Code   RO         1477    i.main              main.o
    0x080041b4   0x0000000c   Code   RO          753    i.makeFreeRtosPriority  cmsis_os.o
    0x080041c0   0x00000010   Code   RO         1701    i.myabs             tasks_1.o
    0x080041d0   0x0000000e   Code   RO          754    i.osDelay           cmsis_os.o
    0x080041de   0x0000000a   Code   RO          757    i.osKernelStart     cmsis_os.o
    0x080041e8   0x00000014   Code   RO          786    i.osSystickHandler  cmsis_os.o
    0x080041fc   0x00000038   Code   RO          787    i.osThreadCreate    cmsis_os.o
    0x08004234   0x00000034   Code   RO          208    i.prvAddCurrentTaskToDelayedList  tasks.o
    0x08004268   0x00000054   Code   RO          209    i.prvCheckTasksWaitingTermination  tasks.o
    0x080042bc   0x0000004c   Code   RO          693    i.prvHeapInit       heap_4.o
    0x08004308   0x00000028   Code   RO          210    i.prvIdleTask       tasks.o
    0x08004330   0x0000004c   Code   RO          694    i.prvInsertBlockIntoFreeList  heap_4.o
    0x0800437c   0x00000020   Code   RO          212    i.prvResetNextTaskUnblockTime  tasks.o
    0x0800439c   0x00000028   Code   RO          548    i.prvTaskExitError  port.o
    0x080043c4   0x000000d8   Code   RO          695    i.pvPortMalloc      heap_4.o
    0x0800449c   0x00000028   Code   RO          549    i.pxPortInitialiseStack  port.o
    0x080044c4   0x0000000c   Code   RO         1813    i.setCarParam       mission.o
    0x080044d0   0x00000024   Code   RO          511    i.uxListRemove      list.o
    0x080044f4   0x00000016   Code   RO          512    i.vListInitialise   list.o
    0x0800450a   0x00000006   Code   RO          513    i.vListInitialiseItem  list.o
    0x08004510   0x00000030   Code   RO          514    i.vListInsert       list.o
    0x08004540   0x00000018   Code   RO          515    i.vListInsertEnd    list.o
    0x08004558   0x00000040   Code   RO          551    i.vPortEnterCritical  port.o
    0x08004598   0x00000028   Code   RO          552    i.vPortExitCritical  port.o
    0x080045c0   0x0000005c   Code   RO          696    i.vPortFree         heap_4.o
    0x0800461c   0x00000020   Code   RO          553    i.vPortSetupTimerInterrupt  port.o
    0x0800463c   0x00000068   Code   RO          222    i.vTaskDelay        tasks.o
    0x080046a4   0x00000060   Code   RO          234    i.vTaskStartScheduler  tasks.o
    0x08004704   0x00000010   Code   RO          236    i.vTaskSuspendAll   tasks.o
    0x08004714   0x0000005c   Code   RO          237    i.vTaskSwitchContext  tasks.o
    0x08004770   0x000000e0   Code   RO          555    i.xPortStartScheduler  port.o
    0x08004850   0x0000002c   Code   RO          556    i.xPortSysTickHandler  port.o
    0x0800487c   0x000001bc   Code   RO          239    i.xTaskGenericCreate  tasks.o
    0x08004a38   0x0000001c   Code   RO          242    i.xTaskGetSchedulerState  tasks.o
    0x08004a54   0x000000cc   Code   RO          245    i.xTaskIncrementTick  tasks.o
    0x08004b20   0x000000c4   Code   RO          251    i.xTaskResumeAll    tasks.o
    0x08004be4   0x00000064   Data   RO         1432    .constdata          freertos.o
    0x08004c48   0x00000008   Data   RO         3034    .constdata          stm32f4xx_hal_dma.o
    0x08004c50   0x00000010   Data   RO         3761    .constdata          stm32f4xx_hal_rcc.o
    0x08004c60   0x00000030   Data   RO         4027    .constdata          m_wm.l(cos_i.o)
    0x08004c90   0x000000c8   Data   RO         4045    .constdata          m_wm.l(rred.o)
    0x08004d58   0x00000028   Data   RO         4049    .constdata          m_wm.l(sin_i.o)
    0x08004d80   0x00000038   Data   RO         1433    .conststring        freertos.o
    0x08004db8   0x00000020   Data   RO         4106    Region$$Table       anon$$obj.o


    Execution Region RW_IRAM1 (Base: 0x20000000, Size: 0x000046a0, Max: 0x00020000, ABSOLUTE)

    Base Addr    Size         Type   Attr      Idx    E Section Name        Object

    0x20000000   0x00000038   Data   RW          254    .data               tasks.o
    0x20000038   0x0000000c   Data   RW          557    .data               port.o
    0x20000044   0x00000018   Data   RW          701    .data               heap_4.o
    0x2000005c   0x00000014   Data   RW         1434    .data               freertos.o
    0x20000070   0x00000004   Data   RW         1571    .data               bt.o
    0x20000074   0x00000004   Data   RW         1703    .data               tasks_1.o
    0x20000078   0x00000008   Data   RW         1767    .data               key.o
    0x20000080   0x00000004   Data   RW         1890    .data               system_stm32f4xx.o
    0x20000084   0x00000004   Data   RW         3873    .data               stm32f4xx_hal.o
    0x20000088   0x00000004   Data   RW         4071    .data               mc_w.l(errno.o)
    0x2000008c   0x000000f0   Zero   RW          253    .bss                tasks.o
    0x2000017c   0x00003c00   Zero   RW          700    .bss                heap_4.o
    0x20003d7c   0x00000168   Zero   RW         1346    .bss                tim.o
    0x20003ee4   0x00000012   Zero   RW         1478    .bss                main.o
    0x20003ef6   0x00000002   PAD
    0x20003ef8   0x000001c8   Zero   RW         1518    .bss                usart.o
    0x200040c0   0x00000030   Zero   RW         1569    .bss                bt.o
    0x200040f0   0x0000007c   Zero   RW         1702    .bss                tasks_1.o
    0x2000416c   0x00000029   Zero   RW         1766    .bss                key.o
    0x20004195   0x00000003   PAD
    0x20004198   0x00000108   Zero   RW         1814    .bss                mission.o
    0x200042a0   0x00000400   Zero   RW         1877    STACK               startup_stm32f405xx.o


==============================================================================

Image component sizes


      Code (inc. data)   RO Data    RW Data    ZI Data      Debug   Object Name

       120          8          0          4         48     272093   bt.o
       112          0          0          0          0      15560   cmsis_os.o
         0          0          0          0          0       7868   croutine.o
        76          4          0          0          0        762   dma.o
       136         10        156         20          0       2098   freertos.o
       256         22          0          0          0       1027   gpio.o
       460         24          0         24      15360       7195   heap_4.o
       220         34          0          8         41       3957   key.o
       136          0          0          0          0       3518   list.o
       212         16          0          0         18       1865   main.o
      2534        160          0          0        264       9013   mission.o
       670         74          0         12          0       8444   port.o
         0          0          0          0          0      17764   queue.o
        36          8        392          0       1024        920   startup_stm32f405xx.o
       114         16          0          4          0       3562   stm32f4xx_hal.o
       218         14          0          0          0      30553   stm32f4xx_hal_cortex.o
       694         14          8          0          0       4503   stm32f4xx_hal_dma.o
       468         50          0          0          0       3163   stm32f4xx_hal_gpio.o
        22          0          0          0          0        494   stm32f4xx_hal_msp.o
      1604         70         16          0          0       6127   stm32f4xx_hal_rcc.o
      1448         88          0          0          0      12767   stm32f4xx_hal_tim.o
       146          0          0          0          0       2060   stm32f4xx_hal_tim_ex.o
      1594         24          0          0          0      11664   stm32f4xx_hal_uart.o
        78         26          0          0          0     337256   stm32f4xx_it.o
        84         18          0          4          0       1329   system_stm32f4xx.o
      1388        114          0         56        240      16698   tasks.o
       844        112          0          4        124       6253   tasks_1.o
       940        104          0          0        360       6237   tim.o
       468         56          0          0        456       2966   usart.o

    ----------------------------------------------------------------------
     15092       1066        604        136      17940     797716   Object Totals
         0          0         32          0          0          0   (incl. Generated)
        14          0          0          0          5          0   (incl. Padding)

    ----------------------------------------------------------------------

      Code (inc. data)   RO Data    RW Data    ZI Data      Debug   Library Member Name

       216         20          0          0          0        288   cos.o
       368         46         48          0          0        200   cos_i.o
        84         16          0          0          0        372   dunder.o
        24          0          0          0          0        124   fabs.o
        48          0          0          0          0        124   fpclassify.o
       248          0          0          0          0        152   poly.o
      1080        142        200          0          0        188   rred.o
       304         24         40          0          0        208   sin_i.o
         0          0          0          0          0          0   entry.o
         0          0          0          0          0          0   entry10a.o
         0          0          0          0          0          0   entry11a.o
         8          4          0          0          0          0   entry2.o
         4          0          0          0          0          0   entry5.o
         0          0          0          0          0          0   entry7b.o
         0          0          0          0          0          0   entry8b.o
         8          4          0          0          0          0   entry9a.o
        12          6          0          4          0         68   errno.o
        30          0          0          0          0          0   handlers.o
        36          8          0          0          0         68   init.o
         0          0          0          0          0          0   iusefp.o
        30          0          0          0          0         68   llshl.o
        36          0          0          0          0         68   llsshr.o
        32          0          0          0          0         68   llushr.o
        36          0          0          0          0         68   memcpya.o
        36          0          0          0          0        108   memseta.o
        56          0          0          0          0         88   d2f.o
       334          0          0          0          0        148   dadd.o
       222          0          0          0          0        100   ddiv.o
       186          0          0          0          0        176   depilogue.o
        62          0          0          0          0         80   dfixi.o
        34          0          0          0          0         76   dflti.o
        26          0          0          0          0         76   dfltui.o
       228          0          0          0          0         96   dmul.o
        38          0          0          0          0         68   f2d.o
       110          0          0          0          0        168   fepilogue.o

    ----------------------------------------------------------------------
      3944        270        288          4          0       3248   Library Totals
         8          0          0          0          0          0   (incl. Padding)

    ----------------------------------------------------------------------

      Code (inc. data)   RO Data    RW Data    ZI Data      Debug   Library Name

      2372        248        288          0          0       1656   m_wm.l
       268         22          0          4          0        516   mc_w.l
      1296          0          0          0          0       1076   mf_w.l

    ----------------------------------------------------------------------
      3944        270        288          4          0       3248   Library Totals

    ----------------------------------------------------------------------

==============================================================================


      Code (inc. data)   RO Data    RW Data    ZI Data      Debug   

     19036       1336        892        140      17940     787040   Grand Totals
     19036       1336        892        140      17940     787040   ELF Image Totals
     19036       1336        892        140          0          0   ROM Totals

==============================================================================

    Total RO  Size (Code + RO Data)                19928 (  19.46kB)
    Total RW  Size (RW Data + ZI Data)             18080 (  17.66kB)
    Total ROM Size (Code + RO Data + RW Data)      20068 (  19.60kB)

==============================================================================

